00:00 +0: loading /Users/vd/src/flutter/cd_shop/cd_shop/test/widget_smoke_test.dart                                                                                                                    00:01 +0: loading /Users/vd/src/flutter/cd_shop/cd_shop/test/widget_smoke_test.dart                                                                                                                    00:01 +0: App builds without errors                                                                                                                                                                    00:01 +0: App builds without errors                                                                                                                                                                    
══╡ EXCEPTION CAUGHT BY WIDGETS LIBRARY ╞═══════════════════════════════════════════════════════════
The following ProviderException was thrown building ProductListPage(dirty, dependencies:
[_UncontrolledProviderScope], state: _ConsumerState#e1ddb):
Tried to use a provider that is in error state.

A provider threw the following exception:
type 'Null' is not a subtype of type 'Stream<List<Product>>'

The stack trace of the exception:
#0      MockProductRepository.watchProducts
(file:///Users/vd/src/flutter/cd_shop/cd_shop/test/widget_smoke_test.dart:50:7)
#1      WatchProducts.call
(package:cd_shop/features/product/domain/usecases/watch_products.dart:15:24)
#2      ProductListNotifier._subscribe
(package:cd_shop/features/product/presentation/providers/product_list_provider.dart:25:35)
#3      ProductListNotifier.build
(package:cd_shop/features/product/presentation/providers/product_list_provider.dart:19:5)
#4      $NotifierProviderElement.handleCreate (package:riverpod/src/providers/notifier.dart:93:32)
#5      Notifier.runBuild (package:riverpod/src/providers/notifier/orphan.dart:70:22)
#6      $ClassProviderElement.create
(package:riverpod/src/core/provider/notifier_provider.dart:560:28)
#7      ProviderElement.buildState (package:riverpod/src/core/element.dart:684:28)
#8      ProviderElement.mount (package:riverpod/src/core/element.dart:537:7)
#9      ProviderElement.flush (package:riverpod/src/core/element.dart:640:7)
#10     $ProviderBaseImpl._addListener (package:riverpod/src/core/provider/provider.dart:119:24)
#11     ProviderContainer.listen (package:riverpod/src/core/provider_container.dart:960:26)
#12     ConsumerStatefulElement.watch.<anonymous closure>
(package:flutter_riverpod/src/core/consumer.dart:475:37)
#13     _LinkedHashMapMixin.putIfAbsent (dart:_compact_hash:675:23)
#14     ConsumerStatefulElement.watch (package:flutter_riverpod/src/core/consumer.dart:468:14)
#15     ProductListPage.build
(package:cd_shop/features/product/presentation/pages/product_list_page.dart:18:23)
#16     _ConsumerState.build (package:flutter_riverpod/src/core/consumer.dart:283:48)
#17     StatefulElement.build (package:flutter/src/widgets/framework.dart:5934:27)
#18     ConsumerStatefulElement.build (package:flutter_riverpod/src/core/consumer.dart:445:20)
#19     ComponentElement.performRebuild (package:flutter/src/widgets/framework.dart:5820:15)
#20     StatefulElement.performRebuild (package:flutter/src/widgets/framework.dart:5985:11)
#21     Element.rebuild (package:flutter/src/widgets/framework.dart:5532:7)
#22     ComponentElement._firstBuild (package:flutter/src/widgets/framework.dart:5802:5)
#23     StatefulElement._firstBuild (package:flutter/src/widgets/framework.dart:5976:11)
#24     ComponentElement.mount (package:flutter/src/widgets/framework.dart:5796:5)
#25     Element.inflateWidget (package:flutter/src/widgets/framework.dart:4590:20)
#26     Element.updateChild (package:flutter/src/widgets/framework.dart:4059:18)
#27     ComponentElement.performRebuild (package:flutter/src/widgets/framework.dart:5844:16)
#28     Element.rebuild (package:flutter/src/widgets/framework.dart:5532:7)
#29     ComponentElement._firstBuild (package:flutter/src/widgets/framework.dart:5802:5)
#30     ComponentElement.mount (package:flutter/src/widgets/framework.dart:5796:5)
#31     Element.inflateWidget (package:flutter/src/widgets/framework.dart:4590:20)
#32     Element.updateChild (package:flutter/src/widgets/framework.dart:4059:18)
#33     SingleChildRenderObjectElement.mount (package:flutter/src/widgets/framework.dart:7118:14)
#34     Element.inflateWidget (package:flutter/src/widgets/framework.dart:4590:20)
#35     Element.updateChild (package:flutter/src/widgets/framework.dart:4059:18)
#36     ComponentElement.performRebuild (package:flutter/src/widgets/framework.dart:5844:16)
#37     Element.rebuild (package:flutter/src/widgets/framework.dart:5532:7)
#38     ComponentElement._firstBuild (package:flutter/src/widgets/framework.dart:5802:5)
#39     ComponentElement.mount (package:flutter/src/widgets/framework.dart:5796:5)
#40     Element.inflateWidget (package:flutter/src/widgets/framework.dart:4590:20)
#41     Element.updateChild (package:flutter/src/widgets/framework.dart:4059:18)
#42     SingleChildRenderObjectElement.mount (package:flutter/src/widgets/framework.dart:7118:14)
#43     Element.inflateWidget (package:flutter/src/widgets/framework.dart:4590:20)
#44     Element.updateChild (package:flutter/src/widgets/framework.dart:4059:18)
#45     SingleChildRenderObjectElement.mount (package:flutter/src/widgets/framework.dart:7118:14)
#46     Element.inflateWidget (package:flutter/src/widgets/framework.dart:4590:20)
#47     Element.updateChild (package:flutter/src/widgets/framework.dart:4059:18)
#48     ComponentElement.performRebuild (package:flutter/src/widgets/framework.dart:5844:16)
#49     StatefulElement.performRebuild (package:flutter/src/widgets/framework.dart:5985:11)
#50     Element.rebuild (package:flutter/src/widgets/framework.dart:5532:7)
#51     ComponentElement._firstBuild (package:flutter/src/widgets/framework.dart:5802:5)
#52     StatefulElement._firstBuild (package:flutter/src/widgets/framework.dart:5976:11)
#53     ComponentElement.mount (package:flutter/src/widgets/framework.dart:5796:5)
#54     Element.inflateWidget (package:flutter/src/widgets/framework.dart:4590:20)
#55     Element.updateChild (package:flutter/src/widgets/framework.dart:4059:18)
#56     SingleChildRenderObjectElement.mount (package:flutter/src/widgets/framework.dart:7118:14)
#57     Element.inflateWidget (package:flutter/src/widgets/framework.dart:4590:20)
#58     Element.updateChild (package:flutter/src/widgets/framework.dart:4059:18)
#59     ComponentElement.performRebuild (package:flutter/src/widgets/framework.dart:5844:16)
#60     StatefulElement.performRebuild (package:flutter/src/widgets/framework.dart:5985:11)
#61     Element.rebuild (package:flutter/src/widgets/framework.dart:5532:7)
#62     ComponentElement._firstBuild (package:flutter/src/widgets/framework.dart:5802:5)
#63     StatefulElement._firstBuild (package:flutter/src/widgets/framework.dart:5976:11)
#64     ComponentElement.mount (package:flutter/src/widgets/framework.dart:5796:5)
#65     Element.inflateWidget (package:flutter/src/widgets/framework.dart:4590:20)
#66     Element.updateChild (package:flutter/src/widgets/framework.dart:4059:18)
#67     SingleChildRenderObjectElement.mount (package:flutter/src/widgets/framework.dart:7118:14)
#68     Element.inflateWidget (package:flutter/src/widgets/framework.dart:4590:20)
#69     Element.updateChild (package:flutter/src/widgets/framework.dart:4059:18)
#70     SingleChildRenderObjectElement.mount (package:flutter/src/widgets/framework.dart:7118:14)
#71     Element.inflateWidget (package:flutter/src/widgets/framework.dart:4590:20)
#72     Element.updateChild (package:flutter/src/widgets/framework.dart:4059:18)
#73     ComponentElement.performRebuild (package:flutter/src/widgets/framework.dart:5844:16)
#74     StatefulElement.performRebuild (package:flutter/src/widgets/framework.dart:5985:11)
#75     Element.rebuild (package:flutter/src/widgets/framework.dart:5532:7)
#76     ComponentElement._firstBuild (package:flutter/src/widgets/framework.dart:5802:5)
#77     StatefulElement._firstBuild (package:flutter/src/widgets/framework.dart:5976:11)
#78     ComponentElement.mount (package:flutter/src/widgets/framework.dart:5796:5)
#79     Element.inflateWidget (package:flutter/src/widgets/framework.dart:4590:20)
#80     Element.updateChild (package:flutter/src/widgets/framework.dart:4059:18)
#81     SingleChildRenderObjectElement.mount (package:flutter/src/widgets/framework.dart:7118:14)
#82     Element.inflateWidget (package:flutter/src/widgets/framework.dart:4590:20)
#83     Element.updateChild (package:flutter/src/widgets/framework.dart:4059:18)
#84     ComponentElement.performRebuild (package:flutter/src/widgets/framework.dart:5844:16)
#85     StatefulElement.performRebuild (package:flutter/src/widgets/framework.dart:5985:11)
#86     Element.rebuild (package:flutter/src/widgets/framework.dart:5532:7)
#87     ComponentElement._firstBuild (package:flutter/src/widgets/framework.dart:5802:5)
#88     StatefulElement._firstBuild (package:flutter/src/widgets/framework.dart:5976:11)
#89     ComponentElement.mount (package:flutter/src/widgets/framework.dart:5796:5)
#90     Element.inflateWidget (package:flutter/src/widgets/framework.dart:4590:20)
#91     Element.updateChild (package:flutter/src/widgets/framework.dart:4059:18)
#92     SingleChildRenderObjectElement.mount (package:flutter/src/widgets/framework.dart:7118:14)
#93     Element.inflateWidget (package:flutter/src/widgets/framework.dart:4590:20)
#94     Element.updateChild (package:flutter/src/widgets/framework.dart:4059:18)
#95     SingleChildRenderObjectElement.mount (package:flutter/src/widgets/framework.dart:7118:14)
#96     Element.inflateWidget (package:flutter/src/widgets/framework.dart:4590:20)
#97     Element.updateChild (package:flutter/src/widgets/framework.dart:4059:18)
#98     ComponentElement.performRebuild (package:flutter/src/widgets/framework.dart:5844:16)
#99     StatefulElement.performRebuild (package:flutter/src/widgets/framework.dart:5985:11)
#100    Element.rebuild (package:flutter/src/widgets/framework.dart:5532:7)
#101    ComponentElement._firstBuild (package:flutter/src/widgets/framework.dart:5802:5)
#102    StatefulElement._firstBuild (package:flutter/src/widgets/framework.dart:5976:11)
#103    ComponentElement.mount (package:flutter/src/widgets/framework.dart:5796:5)
#104    Element.inflateWidget (package:flutter/src/widgets/framework.dart:4590:20)
#105    Element.updateChild (package:flutter/src/widgets/framework.dart:4059:18)
#106    SingleChildRenderObjectElement.mount (package:flutter/src/widgets/framework.dart:7118:14)
#107    Element.inflateWidget (package:flutter/src/widgets/framework.dart:4590:20)
#108    Element.updateChild (package:flutter/src/widgets/framework.dart:4059:18)
#109    SingleChildRenderObjectElement.mount (package:flutter/src/widgets/framework.dart:7118:14)
#110    Element.inflateWidget (package:flutter/src/widgets/framework.dart:4590:20)
#111    Element.updateChild (package:flutter/src/widgets/framework.dart:4059:18)
#112    SingleChildRenderObjectElement.mount (package:flutter/src/widgets/framework.dart:7118:14)
#113    Element.inflateWidget (package:flutter/src/widgets/framework.dart:4590:20)
#114    Element.updateChild (package:flutter/src/widgets/framework.dart:4059:18)
#115    ComponentElement.performRebuild (package:flutter/src/widgets/framework.dart:5844:16)
#116    StatefulElement.performRebuild (package:flutter/src/widgets/framework.dart:5985:11)
#117    Element.rebuild (package:flutter/src/widgets/framework.dart:5532:7)
#118    ComponentElement._firstBuild (package:flutter/src/widgets/framework.dart:5802:5)
#119    StatefulElement._firstBuild (package:flutter/src/widgets/framework.dart:5976:11)
#120    ComponentElement.mount (package:flutter/src/widgets/framework.dart:5796:5)
#121    Element.inflateWidget (package:flutter/src/widgets/framework.dart:4590:20)
#122    Element.updateChild (package:flutter/src/widgets/framework.dart:4059:18)
#123    SingleChildRenderObjectElement.mount (package:flutter/src/widgets/framework.dart:7118:14)
#124    Element.inflateWidget (package:flutter/src/widgets/framework.dart:4590:20)
#125    Element.updateChild (package:flutter/src/widgets/framework.dart:4059:18)
#126    ComponentElement.performRebuild (package:flutter/src/widgets/framework.dart:5844:16)
#127    StatefulElement.performRebuild (package:flutter/src/widgets/framework.dart:5985:11)
#128    Element.rebuild (package:flutter/src/widgets/framework.dart:5532:7)
#129    ComponentElement._firstBuild (package:flutter/src/widgets/framework.dart:5802:5)
#130    StatefulElement._firstBuild (package:flutter/src/widgets/framework.dart:5976:11)
#131    ComponentElement.mount (package:flutter/src/widgets/framework.dart:5796:5)
#132    Element.inflateWidget (package:flutter/src/widgets/framework.dart:4590:20)
#133    Element.updateChild (package:flutter/src/widgets/framework.dart:4059:18)
#134    ComponentElement.performRebuild (package:flutter/src/widgets/framework.dart:5844:16)
#135    Element.rebuild (package:flutter/src/widgets/framework.dart:5532:7)
#136    ComponentElement._firstBuild (package:flutter/src/widgets/framework.dart:5802:5)
#137    ComponentElement.mount (package:flutter/src/widgets/framework.dart:5796:5)
#138    Element.inflateWidget (package:flutter/src/widgets/framework.dart:4590:20)
#139    Element.updateChild (package:flutter/src/widgets/framework.dart:4059:18)
#140    ComponentElement.performRebuild (package:flutter/src/widgets/framework.dart:5844:16)
#141    StatefulElement.performRebuild (package:flutter/src/widgets/framework.dart:5985:11)
#142    Element.rebuild (package:flutter/src/widgets/framework.dart:5532:7)
#143    ComponentElement._firstBuild (package:flutter/src/widgets/framework.dart:5802:5)
#144    StatefulElement._firstBuild (package:flutter/src/widgets/framework.dart:5976:11)
#145    ComponentElement.mount (package:flutter/src/widgets/framework.dart:5796:5)
#146    Element.inflateWidget (package:flutter/src/widgets/framework.dart:4590:20)
#147    Element.updateChild (package:flutter/src/widgets/framework.dart:4059:18)
#148    ComponentElement.performRebuild (package:flutter/src/widgets/framework.dart:5844:16)
#149    StatefulElement.performRebuild (package:flutter/src/widgets/framework.dart:5985:11)
#150    Element.rebuild (package:flutter/src/widgets/framework.dart:5532:7)
#151    ComponentElement._firstBuild (package:flutter/src/widgets/framework.dart:5802:5)
#152    StatefulElement._firstBuild (package:flutter/src/widgets/framework.dart:5976:11)
#153    ComponentElement.mount (package:flutter/src/widgets/framework.dart:5796:5)
#154    Element.inflateWidget (package:flutter/src/widgets/framework.dart:4590:20)
#155    Element.updateChild (package:flutter/src/widgets/framework.dart:4059:18)
#156    ComponentElement.performRebuild (package:flutter/src/widgets/framework.dart:5844:16)
#157    StatefulElement.performRebuild (package:flutter/src/widgets/framework.dart:5985:11)
#158    Element.rebuild (package:flutter/src/widgets/framework.dart:5532:7)
#159    ComponentElement._firstBuild (package:flutter/src/widgets/framework.dart:5802:5)
#160    StatefulElement._firstBuild (package:flutter/src/widgets/framework.dart:5976:11)
#161    ComponentElement.mount (package:flutter/src/widgets/framework.dart:5796:5)
#162    Element.inflateWidget (package:flutter/src/widgets/framework.dart:4590:20)
#163    Element.updateChild (package:flutter/src/widgets/framework.dart:4059:18)
#164    SingleChildRenderObjectElement.mount (package:flutter/src/widgets/framework.dart:7118:14)
#165    Element.inflateWidget (package:flutter/src/widgets/framework.dart:4590:20)
#166    Element.updateChild (package:flutter/src/widgets/framework.dart:4059:18)
#167    ComponentElement.performRebuild (package:flutter/src/widgets/framework.dart:5844:16)
#168    Element.rebuild (package:flutter/src/widgets/framework.dart:5532:7)
#169    ComponentElement._firstBuild (package:flutter/src/widgets/framework.dart:5802:5)
#170    ComponentElement.mount (package:flutter/src/widgets/framework.dart:5796:5)
#171    Element.inflateWidget (package:flutter/src/widgets/framework.dart:4590:20)
#172    Element.updateChild (package:flutter/src/widgets/framework.dart:4059:18)
#173    SingleChildRenderObjectElement.mount (package:flutter/src/widgets/framework.dart:7118:14)
#174    Element.inflateWidget (package:flutter/src/widgets/framework.dart:4590:20)
#175    Element.updateChild (package:flutter/src/widgets/framework.dart:4059:18)
#176    ComponentElement.performRebuild (package:flutter/src/widgets/framework.dart:5844:16)
#177    StatefulElement.performRebuild (package:flutter/src/widgets/framework.dart:5985:11)
#178    Element.rebuild (package:flutter/src/widgets/framework.dart:5532:7)
#179    ComponentElement._firstBuild (package:flutter/src/widgets/framework.dart:5802:5)
#180    StatefulElement._firstBuild (package:flutter/src/widgets/framework.dart:5976:11)
#181    ComponentElement.mount (package:flutter/src/widgets/framework.dart:5796:5)
#182    Element.inflateWidget (package:flutter/src/widgets/framework.dart:4590:20)
#183    Element.updateChild (package:flutter/src/widgets/framework.dart:4059:18)
#184    ComponentElement.performRebuild (package:flutter/src/widgets/framework.dart:5844:16)
#185    Element.rebuild (package:flutter/src/widgets/framework.dart:5532:7)
#186    ComponentElement._firstBuild (package:flutter/src/widgets/framework.dart:5802:5)
#187    ComponentElement.mount (package:flutter/src/widgets/framework.dart:5796:5)
#188    Element.inflateWidget (package:flutter/src/widgets/framework.dart:4590:20)
#189    Element.updateChild (package:flutter/src/widgets/framework.dart:4059:18)
#190    ComponentElement.performRebuild (package:flutter/src/widgets/framework.dart:5844:16)
#191    Element.rebuild (package:flutter/src/widgets/framework.dart:5532:7)
#192    ComponentElement._firstBuild (package:flutter/src/widgets/framework.dart:5802:5)
#193    ComponentElement.mount (package:flutter/src/widgets/framework.dart:5796:5)
#194    Element.inflateWidget (package:flutter/src/widgets/framework.dart:4590:20)
#195    Element.updateChild (package:flutter/src/widgets/framework.dart:4059:18)
#196    ComponentElement.performRebuild (package:flutter/src/widgets/framework.dart:5844:16)
#197    StatefulElement.performRebuild (package:flutter/src/widgets/framework.dart:5985:11)
#198    Element.rebuild (package:flutter/src/widgets/framework.dart:5532:7)
#199    ComponentElement._firstBuild (package:flutter/src/widgets/framework.dart:5802:5)
#200    StatefulElement._firstBuild (package:flutter/src/widgets/framework.dart:5976:11)
#201    ComponentElement.mount (package:flutter/src/widgets/framework.dart:5796:5)
#202    Element.inflateWidget (package:flutter/src/widgets/framework.dart:4590:20)
#203    Element.updateChild (package:flutter/src/widgets/framework.dart:4059:18)
#204    ComponentElement.performRebuild (package:flutter/src/widgets/framework.dart:5844:16)
#205    Element.rebuild (package:flutter/src/widgets/framework.dart:5532:7)
#206    ComponentElement._firstBuild (package:flutter/src/widgets/framework.dart:5802:5)
#207    ComponentElement.mount (package:flutter/src/widgets/framework.dart:5796:5)
#208    Element.inflateWidget (package:flutter/src/widgets/framework.dart:4590:20)
#209    Element.updateChild (package:flutter/src/widgets/framework.dart:4059:18)
#210    ComponentElement.performRebuild (package:flutter/src/widgets/framework.dart:5844:16)
#211    Element.rebuild (package:flutter/src/widgets/framework.dart:5532:7)
#212    ComponentElement._firstBuild (package:flutter/src/widgets/framework.dart:5802:5)
#213    ComponentElement.mount (package:flutter/src/widgets/framework.dart:5796:5)
#214    Element.inflateWidget (package:flutter/src/widgets/framework.dart:4590:20)
#215    Element.updateChild (package:flutter/src/widgets/framework.dart:4059:18)
#216    SingleChildRenderObjectElement.mount (package:flutter/src/widgets/framework.dart:7118:14)
#217    Element.inflateWidget (package:flutter/src/widgets/framework.dart:4590:20)
#218    Element.updateChild (package:flutter/src/widgets/framework.dart:4059:18)
#219    ComponentElement.performRebuild (package:flutter/src/widgets/framework.dart:5844:16)
#220    Element.rebuild (package:flutter/src/widgets/framework.dart:5532:7)
#221    ComponentElement._firstBuild (package:flutter/src/widgets/framework.dart:5802:5)
#222    ComponentElement.mount (package:flutter/src/widgets/framework.dart:5796:5)
#223    Element.inflateWidget (package:flutter/src/widgets/framework.dart:4590:20)
#224    Element.updateChild (package:flutter/src/widgets/framework.dart:4059:18)
#225    ComponentElement.performRebuild (package:flutter/src/widgets/framework.dart:5844:16)
#226    Element.rebuild (package:flutter/src/widgets/framework.dart:5532:7)
#227    ComponentElement._firstBuild (package:flutter/src/widgets/framework.dart:5802:5)
#228    ComponentElement.mount (package:flutter/src/widgets/framework.dart:5796:5)
#229    Element.inflateWidget (package:flutter/src/widgets/framework.dart:4590:20)
#230    Element.updateChild (package:flutter/src/widgets/framework.dart:4059:18)
#231    ComponentElement.performRebuild (package:flutter/src/widgets/framework.dart:5844:16)
#232    StatefulElement.performRebuild (package:flutter/src/widgets/framework.dart:5985:11)
#233    Element.rebuild (package:flutter/src/widgets/framework.dart:5532:7)
#234    ComponentElement._firstBuild (package:flutter/src/widgets/framework.dart:5802:5)
#235    StatefulElement._firstBuild (package:flutter/src/widgets/framework.dart:5976:11)
#236    ComponentElement.mount (package:flutter/src/widgets/framework.dart:5796:5)
#237    Element.inflateWidget (package:flutter/src/widgets/framework.dart:4590:20)
#238    Element.updateChild (package:flutter/src/widgets/framework.dart:4059:18)
#239    ComponentElement.performRebuild (package:flutter/src/widgets/framework.dart:5844:16)
#240    StatefulElement.performRebuild (package:flutter/src/widgets/framework.dart:5985:11)
#241    Element.rebuild (package:flutter/src/widgets/framework.dart:5532:7)
#242    ComponentElement._firstBuild (package:flutter/src/widgets/framework.dart:5802:5)
#243    StatefulElement._firstBuild (package:flutter/src/widgets/framework.dart:5976:11)
#244    ComponentElement.mount (package:flutter/src/widgets/framework.dart:5796:5)
#245    Element.inflateWidget (package:flutter/src/widgets/framework.dart:4590:20)
#246    Element.updateChild (package:flutter/src/widgets/framework.dart:4059:18)
#247    ComponentElement.performRebuild (package:flutter/src/widgets/framework.dart:5844:16)
#248    StatefulElement.performRebuild (package:flutter/src/widgets/framework.dart:5985:11)
#249    Element.rebuild (package:flutter/src/widgets/framework.dart:5532:7)
#250    ComponentElement._firstBuild (package:flutter/src/widgets/framework.dart:5802:5)
#251    StatefulElement._firstBuild (package:flutter/src/widgets/framework.dart:5976:11)
#252    ComponentElement.mount (package:flutter/src/widgets/framework.dart:5796:5)
#253    Element.inflateWidget (package:flutter/src/widgets/framework.dart:4590:20)
#254    Element.updateChild (package:flutter/src/widgets/framework.dart:4059:18)
#255    SingleChildRenderObjectElement.mount (package:flutter/src/widgets/framework.dart:7118:14)
#256    Element.inflateWidget (package:flutter/src/widgets/framework.dart:4590:20)
#257    Element.updateChild (package:flutter/src/widgets/framework.dart:4059:18)
#258    ComponentElement.performRebuild (package:flutter/src/widgets/framework.dart:5844:16)
#259    Element.rebuild (package:flutter/src/widgets/framework.dart:5532:7)
#260    ComponentElement._firstBuild (package:flutter/src/widgets/framework.dart:5802:5)
#261    ComponentElement.mount (package:flutter/src/widgets/framework.dart:5796:5)
#262    Element.inflateWidget (package:flutter/src/widgets/framework.dart:4590:20)
#263    Element.updateChild (package:flutter/src/widgets/framework.dart:4059:18)
#264    ComponentElement.performRebuild (package:flutter/src/widgets/framework.dart:5844:16)
#265    Element.rebuild (package:flutter/src/widgets/framework.dart:5532:7)
#266    ComponentElement._firstBuild (package:flutter/src/widgets/framework.dart:5802:5)
#267    ComponentElement.mount (package:flutter/src/widgets/framework.dart:5796:5)
#268    Element.inflateWidget (package:flutter/src/widgets/framework.dart:4590:20)
#269    Element.updateChild (package:flutter/src/widgets/framework.dart:4059:18)
#270    ComponentElement.performRebuild (package:flutter/src/widgets/framework.dart:5844:16)
#271    Element.rebuild (package:flutter/src/widgets/framework.dart:5532:7)
#272    ComponentElement._firstBuild (package:flutter/src/widgets/framework.dart:5802:5)
#273    ComponentElement.mount (package:flutter/src/widgets/framework.dart:5796:5)
#274    Element.inflateWidget (package:flutter/src/widgets/framework.dart:4590:20)
#275    Element.updateChild (package:flutter/src/widgets/framework.dart:4059:18)
#276    ComponentElement.performRebuild (package:flutter/src/widgets/framework.dart:5844:16)
#277    StatefulElement.performRebuild (package:flutter/src/widgets/framework.dart:5985:11)
#278    Element.rebuild (package:flutter/src/widgets/framework.dart:5532:7)
#279    ComponentElement._firstBuild (package:flutter/src/widgets/framework.dart:5802:5)
#280    StatefulElement._firstBuild (package:flutter/src/widgets/framework.dart:5976:11)
#281    ComponentElement.mount (package:flutter/src/widgets/framework.dart:5796:5)
#282    Element.inflateWidget (package:flutter/src/widgets/framework.dart:4590:20)
#283    Element.updateChild (package:flutter/src/widgets/framework.dart:4059:18)
#284    ComponentElement.performRebuild (package:flutter/src/widgets/framework.dart:5844:16)
#285    StatefulElement.performRebuild (package:flutter/src/widgets/framework.dart:5985:11)
#286    Element.rebuild (package:flutter/src/widgets/framework.dart:5532:7)
#287    ComponentElement._firstBuild (package:flutter/src/widgets/framework.dart:5802:5)
#288    StatefulElement._firstBuild (package:flutter/src/widgets/framework.dart:5976:11)
#289    ComponentElement.mount (package:flutter/src/widgets/framework.dart:5796:5)
#290    Element.inflateWidget (package:flutter/src/widgets/framework.dart:4590:20)
#291    MultiChildRenderObjectElement.inflateWidget
(package:flutter/src/widgets/framework.dart:7269:36)
#292    MultiChildRenderObjectElement.mount (package:flutter/src/widgets/framework.dart:7285:32)
#293    Element.inflateWidget (package:flutter/src/widgets/framework.dart:4590:20)
#294    Element.updateChild (package:flutter/src/widgets/framework.dart:4059:18)
#295    ComponentElement.performRebuild (package:flutter/src/widgets/framework.dart:5844:16)
#296    StatefulElement.performRebuild (package:flutter/src/widgets/framework.dart:5985:11)
#297    Element.rebuild (package:flutter/src/widgets/framework.dart:5532:7)
#298    ComponentElement._firstBuild (package:flutter/src/widgets/framework.dart:5802:5)
#299    StatefulElement._firstBuild (package:flutter/src/widgets/framework.dart:5976:11)
#300    ComponentElement.mount (package:flutter/src/widgets/framework.dart:5796:5)
#301    Element.inflateWidget (package:flutter/src/widgets/framework.dart:4590:20)
#302    Element.updateChild (package:flutter/src/widgets/framework.dart:4059:18)
#303    ComponentElement.performRebuild (package:flutter/src/widgets/framework.dart:5844:16)
#304    Element.rebuild (package:flutter/src/widgets/framework.dart:5532:7)
#305    ComponentElement._firstBuild (package:flutter/src/widgets/framework.dart:5802:5)
#306    ComponentElement.mount (package:flutter/src/widgets/framework.dart:5796:5)
#307    Element.inflateWidget (package:flutter/src/widgets/framework.dart:4590:20)
#308    Element.updateChild (package:flutter/src/widgets/framework.dart:4059:18)
#309    ComponentElement.performRebuild (package:flutter/src/widgets/framework.dart:5844:16)
#310    Element.rebuild (package:flutter/src/widgets/framework.dart:5532:7)
#311    ComponentElement._firstBuild (package:flutter/src/widgets/framework.dart:5802:5)
#312    ComponentElement.mount (package:flutter/src/widgets/framework.dart:5796:5)
#313    Element.inflateWidget (package:flutter/src/widgets/framework.dart:4590:20)
#314    Element.updateChild (package:flutter/src/widgets/framework.dart:4059:18)
#315    ComponentElement.performRebuild (package:flutter/src/widgets/framework.dart:5844:16)
#316    StatefulElement.performRebuild (package:flutter/src/widgets/framework.dart:5985:11)
#317    Element.rebuild (package:flutter/src/widgets/framework.dart:5532:7)
#318    ComponentElement._firstBuild (package:flutter/src/widgets/framework.dart:5802:5)
#319    StatefulElement._firstBuild (package:flutter/src/widgets/framework.dart:5976:11)
#320    ComponentElement.mount (package:flutter/src/widgets/framework.dart:5796:5)
#321    Element.inflateWidget (package:flutter/src/widgets/framework.dart:4590:20)
#322    Element.updateChild (package:flutter/src/widgets/framework.dart:4059:18)
#323    ComponentElement.performRebuild (package:flutter/src/widgets/framework.dart:5844:16)
#324    Element.rebuild (package:flutter/src/widgets/framework.dart:5532:7)
#325    ComponentElement._firstBuild (package:flutter/src/widgets/framework.dart:5802:5)
#326    ComponentElement.mount (package:flutter/src/widgets/framework.dart:5796:5)
#327    Element.inflateWidget (package:flutter/src/widgets/framework.dart:4590:20)
#328    Element.updateChild (package:flutter/src/widgets/framework.dart:4059:18)
#329    ComponentElement.performRebuild (package:flutter/src/widgets/framework.dart:5844:16)
#330    StatefulElement.performRebuild (package:flutter/src/widgets/framework.dart:5985:11)
#331    Element.rebuild (package:flutter/src/widgets/framework.dart:5532:7)
#332    ComponentElement._firstBuild (package:flutter/src/widgets/framework.dart:5802:5)
#333    StatefulElement._firstBuild (package:flutter/src/widgets/framework.dart:5976:11)
#334    ComponentElement.mount (package:flutter/src/widgets/framework.dart:5796:5)
#335    Element.inflateWidget (package:flutter/src/widgets/framework.dart:4590:20)
#336    Element.updateChild (package:flutter/src/widgets/framework.dart:4059:18)
#337    ComponentElement.performRebuild (package:flutter/src/widgets/framework.dart:5844:16)
#338    StatefulElement.performRebuild (package:flutter/src/widgets/framework.dart:5985:11)
#339    Element.rebuild (package:flutter/src/widgets/framework.dart:5532:7)
#340    ComponentElement._firstBuild (package:flutter/src/widgets/framework.dart:5802:5)
#341    StatefulElement._firstBuild (package:flutter/src/widgets/framework.dart:5976:11)
#342    ComponentElement.mount (package:flutter/src/widgets/framework.dart:5796:5)
#343    Element.inflateWidget (package:flutter/src/widgets/framework.dart:4590:20)
#344    Element.updateChild (package:flutter/src/widgets/framework.dart:4059:18)
#345    SingleChildRenderObjectElement.mount (package:flutter/src/widgets/framework.dart:7118:14)
#346    Element.inflateWidget (package:flutter/src/widgets/framework.dart:4590:20)
#347    Element.updateChild (package:flutter/src/widgets/framework.dart:4059:18)
#348    SingleChildRenderObjectElement.mount (package:flutter/src/widgets/framework.dart:7118:14)
#349    Element.inflateWidget (package:flutter/src/widgets/framework.dart:4590:20)
#350    Element.updateChild (package:flutter/src/widgets/framework.dart:4059:18)
#351    ComponentElement.performRebuild (package:flutter/src/widgets/framework.dart:5844:16)
#352    Element.rebuild (package:flutter/src/widgets/framework.dart:5532:7)
#353    ComponentElement._firstBuild (package:flutter/src/widgets/framework.dart:5802:5)
#354    ComponentElement.mount (package:flutter/src/widgets/framework.dart:5796:5)
#355    Element.inflateWidget (package:flutter/src/widgets/framework.dart:4590:20)
#356    Element.updateChild (package:flutter/src/widgets/framework.dart:4059:18)
#357    ComponentElement.performRebuild (package:flutter/src/widgets/framework.dart:5844:16)
#358    Element.rebuild (package:flutter/src/widgets/framework.dart:5532:7)
#359    ComponentElement._firstBuild (package:flutter/src/widgets/framework.dart:5802:5)
#360    ComponentElement.mount (package:flutter/src/widgets/framework.dart:5796:5)
#361    Element.inflateWidget (package:flutter/src/widgets/framework.dart:4590:20)
#362    Element.updateChild (package:flutter/src/widgets/framework.dart:4059:18)
#363    ComponentElement.performRebuild (package:flutter/src/widgets/framework.dart:5844:16)
#364    StatefulElement.performRebuild (package:flutter/src/widgets/framework.dart:5985:11)
#365    Element.rebuild (package:flutter/src/widgets/framework.dart:5532:7)
#366    ComponentElement._firstBuild (package:flutter/src/widgets/framework.dart:5802:5)
#367    StatefulElement._firstBuild (package:flutter/src/widgets/framework.dart:5976:11)
#368    ComponentElement.mount (package:flutter/src/widgets/framework.dart:5796:5)
#369    Element.inflateWidget (package:flutter/src/widgets/framework.dart:4590:20)
#370    Element.updateChild (package:flutter/src/widgets/framework.dart:4059:18)
#371    ComponentElement.performRebuild (package:flutter/src/widgets/framework.dart:5844:16)
#372    Element.rebuild (package:flutter/src/widgets/framework.dart:5532:7)
#373    ComponentElement._firstBuild (package:flutter/src/widgets/framework.dart:5802:5)
#374    ComponentElement.mount (package:flutter/src/widgets/framework.dart:5796:5)
#375    Element.inflateWidget (package:flutter/src/widgets/framework.dart:4590:20)
#376    Element.updateChild (package:flutter/src/widgets/framework.dart:4059:18)
#377    ComponentElement.performRebuild (package:flutter/src/widgets/framework.dart:5844:16)
#378    Element.rebuild (package:flutter/src/widgets/framework.dart:5532:7)
#379    ComponentElement._firstBuild (package:flutter/src/widgets/framework.dart:5802:5)
#380    ComponentElement.mount (package:flutter/src/widgets/framework.dart:5796:5)
#381    Element.inflateWidget (package:flutter/src/widgets/framework.dart:4590:20)
#382    Element.updateChild (package:flutter/src/widgets/framework.dart:4059:18)
#383    ComponentElement.performRebuild (package:flutter/src/widgets/framework.dart:5844:16)
#384    StatefulElement.performRebuild (package:flutter/src/widgets/framework.dart:5985:11)
#385    Element.rebuild (package:flutter/src/widgets/framework.dart:5532:7)
#386    ComponentElement._firstBuild (package:flutter/src/widgets/framework.dart:5802:5)
#387    StatefulElement._firstBuild (package:flutter/src/widgets/framework.dart:5976:11)
#388    ComponentElement.mount (package:flutter/src/widgets/framework.dart:5796:5)
#389    Element.inflateWidget (package:flutter/src/widgets/framework.dart:4590:20)
#390    Element.updateChild (package:flutter/src/widgets/framework.dart:4059:18)
#391    ComponentElement.performRebuild (package:flutter/src/widgets/framework.dart:5844:16)
#392    StatefulElement.performRebuild (package:flutter/src/widgets/framework.dart:5985:11)
#393    Element.rebuild (package:flutter/src/widgets/framework.dart:5532:7)
#394    ComponentElement._firstBuild (package:flutter/src/widgets/framework.dart:5802:5)
#395    StatefulElement._firstBuild (package:flutter/src/widgets/framework.dart:5976:11)
#396    ComponentElement.mount (package:flutter/src/widgets/framework.dart:5796:5)
#397    Element.inflateWidget (package:flutter/src/widgets/framework.dart:4590:20)
#398    Element.updateChild (package:flutter/src/widgets/framework.dart:4059:18)
#399    ComponentElement.performRebuild (package:flutter/src/widgets/framework.dart:5844:16)
#400    StatefulElement.performRebuild (package:flutter/src/widgets/framework.dart:5985:11)
#401    Element.rebuild (package:flutter/src/widgets/framework.dart:5532:7)
#402    ComponentElement._firstBuild (package:flutter/src/widgets/framework.dart:5802:5)
#403    StatefulElement._firstBuild (package:flutter/src/widgets/framework.dart:5976:11)
#404    ComponentElement.mount (package:flutter/src/widgets/framework.dart:5796:5)
#405    Element.inflateWidget (package:flutter/src/widgets/framework.dart:4590:20)
#406    Element.updateChild (package:flutter/src/widgets/framework.dart:4059:18)
#407    ComponentElement.performRebuild (package:flutter/src/widgets/framework.dart:5844:16)
#408    Element.rebuild (package:flutter/src/widgets/framework.dart:5532:7)
#409    ComponentElement._firstBuild (package:flutter/src/widgets/framework.dart:5802:5)
#410    ComponentElement.mount (package:flutter/src/widgets/framework.dart:5796:5)
#411    Element.inflateWidget (package:flutter/src/widgets/framework.dart:4590:20)
#412    Element.updateChild (package:flutter/src/widgets/framework.dart:4059:18)
#413    ComponentElement.performRebuild (package:flutter/src/widgets/framework.dart:5844:16)
#414    StatefulElement.performRebuild (package:flutter/src/widgets/framework.dart:5985:11)
#415    Element.rebuild (package:flutter/src/widgets/framework.dart:5532:7)
#416    ComponentElement._firstBuild (package:flutter/src/widgets/framework.dart:5802:5)
#417    StatefulElement._firstBuild (package:flutter/src/widgets/framework.dart:5976:11)
#418    ComponentElement.mount (package:flutter/src/widgets/framework.dart:5796:5)
#419    Element.inflateWidget (package:flutter/src/widgets/framework.dart:4590:20)
#420    Element.updateChild (package:flutter/src/widgets/framework.dart:4059:18)
#421    SingleChildRenderObjectElement.mount (package:flutter/src/widgets/framework.dart:7118:14)
#422    Element.inflateWidget (package:flutter/src/widgets/framework.dart:4590:20)
#423    Element.updateChild (package:flutter/src/widgets/framework.dart:4059:18)
#424    ComponentElement.performRebuild (package:flutter/src/widgets/framework.dart:5844:16)
#425    Element.rebuild (package:flutter/src/widgets/framework.dart:5532:7)
#426    ComponentElement._firstBuild (package:flutter/src/widgets/framework.dart:5802:5)
#427    ComponentElement.mount (package:flutter/src/widgets/framework.dart:5796:5)
#428    Element.inflateWidget (package:flutter/src/widgets/framework.dart:4590:20)
#429    Element.updateChild (package:flutter/src/widgets/framework.dart:4059:18)
#430    ComponentElement.performRebuild (package:flutter/src/widgets/framework.dart:5844:16)
#431    StatefulElement.performRebuild (package:flutter/src/widgets/framework.dart:5985:11)
#432    Element.rebuild (package:flutter/src/widgets/framework.dart:5532:7)
#433    ComponentElement._firstBuild (package:flutter/src/widgets/framework.dart:5802:5)
#434    StatefulElement._firstBuild (package:flutter/src/widgets/framework.dart:5976:11)
#435    ComponentElement.mount (package:flutter/src/widgets/framework.dart:5796:5)
#436    Element.inflateWidget (package:flutter/src/widgets/framework.dart:4590:20)
#437    Element.updateChild (package:flutter/src/widgets/framework.dart:4059:18)
#438    ComponentElement.performRebuild (package:flutter/src/widgets/framework.dart:5844:16)
#439    Element.rebuild (package:flutter/src/widgets/framework.dart:5532:7)
#440    ComponentElement._firstBuild (package:flutter/src/widgets/framework.dart:5802:5)
#441    ComponentElement.mount (package:flutter/src/widgets/framework.dart:5796:5)
#442    Element.inflateWidget (package:flutter/src/widgets/framework.dart:4590:20)
#443    Element.updateChild (package:flutter/src/widgets/framework.dart:4059:18)
#444    SingleChildRenderObjectElement.mount (package:flutter/src/widgets/framework.dart:7118:14)
#445    Element.inflateWidget (package:flutter/src/widgets/framework.dart:4590:20)
#446    Element.updateChild (package:flutter/src/widgets/framework.dart:4059:18)
#447    SingleChildRenderObjectElement.mount (package:flutter/src/widgets/framework.dart:7118:14)
#448    Element.inflateWidget (package:flutter/src/widgets/framework.dart:4590:20)
#449    Element.updateChild (package:flutter/src/widgets/framework.dart:4059:18)
#450    ComponentElement.performRebuild (package:flutter/src/widgets/framework.dart:5844:16)
#451    Element.rebuild (package:flutter/src/widgets/framework.dart:5532:7)
#452    ComponentElement._firstBuild (package:flutter/src/widgets/framework.dart:5802:5)
#453    ComponentElement.mount (package:flutter/src/widgets/framework.dart:5796:5)
#454    Element.inflateWidget (package:flutter/src/widgets/framework.dart:4590:20)
#455    Element.updateChild (package:flutter/src/widgets/framework.dart:4059:18)
#456    ComponentElement.performRebuild (package:flutter/src/widgets/framework.dart:5844:16)
#457    Element.rebuild (package:flutter/src/widgets/framework.dart:5532:7)
#458    ComponentElement._firstBuild (package:flutter/src/widgets/framework.dart:5802:5)
#459    ComponentElement.mount (package:flutter/src/widgets/framework.dart:5796:5)
#460    Element.inflateWidget (package:flutter/src/widgets/framework.dart:4590:20)
#461    MultiChildRenderObjectElement.inflateWidget
(package:flutter/src/widgets/framework.dart:7269:36)
#462    MultiChildRenderObjectElement.mount (package:flutter/src/widgets/framework.dart:7285:32)
#463    Element.inflateWidget (package:flutter/src/widgets/framework.dart:4590:20)
#464    Element.updateChild (package:flutter/src/widgets/framework.dart:4059:18)
#465    ComponentElement.performRebuild (package:flutter/src/widgets/framework.dart:5844:16)
#466    Element.rebuild (package:flutter/src/widgets/framework.dart:5532:7)
#467    ComponentElement._firstBuild (package:flutter/src/widgets/framework.dart:5802:5)
#468    ComponentElement.mount (package:flutter/src/widgets/framework.dart:5796:5)
#469    Element.inflateWidget (package:flutter/src/widgets/framework.dart:4590:20)
#470    Element.updateChild (package:flutter/src/widgets/framework.dart:4059:18)
#471    ComponentElement.performRebuild (package:flutter/src/widgets/framework.dart:5844:16)
#472    Element.rebuild (package:flutter/src/widgets/framework.dart:5532:7)
#473    ComponentElement._firstBuild (package:flutter/src/widgets/framework.dart:5802:5)
#474    ComponentElement.mount (package:flutter/src/widgets/framework.dart:5796:5)
#475    Element.inflateWidget (package:flutter/src/widgets/framework.dart:4590:20)
#476    Element.updateChild (package:flutter/src/widgets/framework.dart:4059:18)
#477    ComponentElement.performRebuild (package:flutter/src/widgets/framework.dart:5844:16)
#478    StatefulElement.performRebuild (package:flutter/src/widgets/framework.dart:5985:11)
#479    Element.rebuild (package:flutter/src/widgets/framework.dart:5532:7)
#480    ComponentElement._firstBuild (package:flutter/src/widgets/framework.dart:5802:5)
#481    StatefulElement._firstBuild (package:flutter/src/widgets/framework.dart:5976:11)
#482    ComponentElement.mount (package:flutter/src/widgets/framework.dart:5796:5)
#483    Element.inflateWidget (package:flutter/src/widgets/framework.dart:4590:20)
#484    Element.updateChild (package:flutter/src/widgets/framework.dart:4059:18)
#485    ComponentElement.performRebuild (package:flutter/src/widgets/framework.dart:5844:16)
#486    Element.rebuild (package:flutter/src/widgets/framework.dart:5532:7)
#487    ComponentElement._firstBuild (package:flutter/src/widgets/framework.dart:5802:5)
#488    ComponentElement.mount (package:flutter/src/widgets/framework.dart:5796:5)
#489    Element.inflateWidget (package:flutter/src/widgets/framework.dart:4590:20)
#490    Element.updateChild (package:flutter/src/widgets/framework.dart:4059:18)
#491    ComponentElement.performRebuild (package:flutter/src/widgets/framework.dart:5844:16)
#492    Element.rebuild (package:flutter/src/widgets/framework.dart:5532:7)
#493    ComponentElement._firstBuild (package:flutter/src/widgets/framework.dart:5802:5)
#494    ComponentElement.mount (package:flutter/src/widgets/framework.dart:5796:5)
#495    Element.inflateWidget (package:flutter/src/widgets/framework.dart:4590:20)
#496    Element.updateChild (package:flutter/src/widgets/framework.dart:4059:18)
#497    ComponentElement.performRebuild (package:flutter/src/widgets/framework.dart:5844:16)
#498    Element.rebuild (package:flutter/src/widgets/framework.dart:5532:7)
#499    ComponentElement._firstBuild (package:flutter/src/widgets/framework.dart:5802:5)
#500    ComponentElement.mount (package:flutter/src/widgets/framework.dart:5796:5)
#501    Element.inflateWidget (package:flutter/src/widgets/framework.dart:4590:20)
#502    Element.updateChild (package:flutter/src/widgets/framework.dart:4059:18)
#503    ComponentElement.performRebuild (package:flutter/src/widgets/framework.dart:5844:16)
#504    Element.rebuild (package:flutter/src/widgets/framework.dart:5532:7)
#505    ComponentElement._firstBuild (package:flutter/src/widgets/framework.dart:5802:5)
#506    ComponentElement.mount (package:flutter/src/widgets/framework.dart:5796:5)
#507    Element.inflateWidget (package:flutter/src/widgets/framework.dart:4590:20)
#508    MultiChildRenderObjectElement.inflateWidget
(package:flutter/src/widgets/framework.dart:7269:36)
#509    MultiChildRenderObjectElement.mount (package:flutter/src/widgets/framework.dart:7285:32)
#510    Element.inflateWidget (package:flutter/src/widgets/framework.dart:4590:20)
#511    Element.updateChild (package:flutter/src/widgets/framework.dart:4059:18)
#512    ComponentElement.performRebuild (package:flutter/src/widgets/framework.dart:5844:16)
#513    Element.rebuild (package:flutter/src/widgets/framework.dart:5532:7)
#514    ComponentElement._firstBuild (package:flutter/src/widgets/framework.dart:5802:5)
#515    ComponentElement.mount (package:flutter/src/widgets/framework.dart:5796:5)
#516    Element.inflateWidget (package:flutter/src/widgets/framework.dart:4590:20)
#517    Element.updateChild (package:flutter/src/widgets/framework.dart:4059:18)
#518    ComponentElement.performRebuild (package:flutter/src/widgets/framework.dart:5844:16)
#519    StatefulElement.performRebuild (package:flutter/src/widgets/framework.dart:5985:11)
#520    Element.rebuild (package:flutter/src/widgets/framework.dart:5532:7)
#521    ComponentElement._firstBuild (package:flutter/src/widgets/framework.dart:5802:5)
#522    StatefulElement._firstBuild (package:flutter/src/widgets/framework.dart:5976:11)
#523    ComponentElement.mount (package:flutter/src/widgets/framework.dart:5796:5)
#524    Element.inflateWidget (package:flutter/src/widgets/framework.dart:4590:20)
#525    Element.updateChild (package:flutter/src/widgets/framework.dart:4059:18)
#526    ComponentElement.performRebuild (package:flutter/src/widgets/framework.dart:5844:16)
#527    StatefulElement.performRebuild (package:flutter/src/widgets/framework.dart:5985:11)
#528    Element.rebuild (package:flutter/src/widgets/framework.dart:5532:7)
#529    ComponentElement._firstBuild (package:flutter/src/widgets/framework.dart:5802:5)
#530    StatefulElement._firstBuild (package:flutter/src/widgets/framework.dart:5976:11)
#531    ComponentElement.mount (package:flutter/src/widgets/framework.dart:5796:5)
#532    Element.inflateWidget (package:flutter/src/widgets/framework.dart:4590:20)
#533    Element.updateChild (package:flutter/src/widgets/framework.dart:4059:18)
#534    ComponentElement.performRebuild (package:flutter/src/widgets/framework.dart:5844:16)
#535    Element.rebuild (package:flutter/src/widgets/framework.dart:5532:7)
#536    ComponentElement._firstBuild (package:flutter/src/widgets/framework.dart:5802:5)
#537    ComponentElement.mount (package:flutter/src/widgets/framework.dart:5796:5)
#538    Element.inflateWidget (package:flutter/src/widgets/framework.dart:4590:20)
#539    Element.updateChild (package:flutter/src/widgets/framework.dart:4059:18)
#540    ComponentElement.performRebuild (package:flutter/src/widgets/framework.dart:5844:16)
#541    StatefulElement.performRebuild (package:flutter/src/widgets/framework.dart:5985:11)
#542    Element.rebuild (package:flutter/src/widgets/framework.dart:5532:7)
#543    ComponentElement._firstBuild (package:flutter/src/widgets/framework.dart:5802:5)
#544    StatefulElement._firstBuild (package:flutter/src/widgets/framework.dart:5976:11)
#545    ComponentElement.mount (package:flutter/src/widgets/framework.dart:5796:5)
#546    Element.inflateWidget (package:flutter/src/widgets/framework.dart:4590:20)
#547    Element.updateChild (package:flutter/src/widgets/framework.dart:4059:18)
#548    SingleChildRenderObjectElement.mount (package:flutter/src/widgets/framework.dart:7118:14)
#549    Element.inflateWidget (package:flutter/src/widgets/framework.dart:4590:20)
#550    Element.updateChild (package:flutter/src/widgets/framework.dart:4059:18)
#551    ComponentElement.performRebuild (package:flutter/src/widgets/framework.dart:5844:16)
#552    Element.rebuild (package:flutter/src/widgets/framework.dart:5532:7)
#553    ComponentElement._firstBuild (package:flutter/src/widgets/framework.dart:5802:5)
#554    ComponentElement.mount (package:flutter/src/widgets/framework.dart:5796:5)
#555    Element.inflateWidget (package:flutter/src/widgets/framework.dart:4590:20)
#556    Element.updateChild (package:flutter/src/widgets/framework.dart:4059:18)
#557    SingleChildRenderObjectElement.mount (package:flutter/src/widgets/framework.dart:7118:14)
#558    Element.inflateWidget (package:flutter/src/widgets/framework.dart:4590:20)
#559    Element.updateChild (package:flutter/src/widgets/framework.dart:4059:18)
#560    ComponentElement.performRebuild (package:flutter/src/widgets/framework.dart:5844:16)
#561    StatefulElement.performRebuild (package:flutter/src/widgets/framework.dart:5985:11)
#562    Element.rebuild (package:flutter/src/widgets/framework.dart:5532:7)
#563    ComponentElement._firstBuild (package:flutter/src/widgets/framework.dart:5802:5)
#564    StatefulElement._firstBuild (package:flutter/src/widgets/framework.dart:5976:11)
#565    ComponentElement.mount (package:flutter/src/widgets/framework.dart:5796:5)
#566    Element.inflateWidget (package:flutter/src/widgets/framework.dart:4590:20)
#567    Element.updateChild (package:flutter/src/widgets/framework.dart:4059:18)
#568    ComponentElement.performRebuild (package:flutter/src/widgets/framework.dart:5844:16)
#569    StatefulElement.performRebuild (package:flutter/src/widgets/framework.dart:5985:11)
#570    Element.rebuild (package:flutter/src/widgets/framework.dart:5532:7)
#571    ComponentElement._firstBuild (package:flutter/src/widgets/framework.dart:5802:5)
#572    StatefulElement._firstBuild (package:flutter/src/widgets/framework.dart:5976:11)
#573    ComponentElement.mount (package:flutter/src/widgets/framework.dart:5796:5)
#574    Element.inflateWidget (package:flutter/src/widgets/framework.dart:4590:20)
#575    Element.updateChild (package:flutter/src/widgets/framework.dart:4059:18)
#576    ComponentElement.performRebuild (package:flutter/src/widgets/framework.dart:5844:16)
#577    Element.rebuild (package:flutter/src/widgets/framework.dart:5532:7)
#578    ComponentElement._firstBuild (package:flutter/src/widgets/framework.dart:5802:5)
#579    ComponentElement.mount (package:flutter/src/widgets/framework.dart:5796:5)
#580    Element.inflateWidget (package:flutter/src/widgets/framework.dart:4590:20)
#581    Element.updateChild (package:flutter/src/widgets/framework.dart:4059:18)
#582    ComponentElement.performRebuild (package:flutter/src/widgets/framework.dart:5844:16)
#583    Element.rebuild (package:flutter/src/widgets/framework.dart:5532:7)
#584    ComponentElement._firstBuild (package:flutter/src/widgets/framework.dart:5802:5)
#585    ComponentElement.mount (package:flutter/src/widgets/framework.dart:5796:5)
#586    Element.inflateWidget (package:flutter/src/widgets/framework.dart:4590:20)
#587    Element.updateChild (package:flutter/src/widgets/framework.dart:4059:18)
#588    ComponentElement.performRebuild (package:flutter/src/widgets/framework.dart:5844:16)
#589    Element.rebuild (package:flutter/src/widgets/framework.dart:5532:7)
#590    ComponentElement._firstBuild (package:flutter/src/widgets/framework.dart:5802:5)
#591    ComponentElement.mount (package:flutter/src/widgets/framework.dart:5796:5)
#592    Element.inflateWidget (package:flutter/src/widgets/framework.dart:4590:20)
#593    Element.updateChild (package:flutter/src/widgets/framework.dart:4059:18)
#594    ComponentElement.performRebuild (package:flutter/src/widgets/framework.dart:5844:16)
#595    StatefulElement.performRebuild (package:flutter/src/widgets/framework.dart:5985:11)
#596    Element.rebuild (package:flutter/src/widgets/framework.dart:5532:7)
#597    ComponentElement._firstBuild (package:flutter/src/widgets/framework.dart:5802:5)
#598    StatefulElement._firstBuild (package:flutter/src/widgets/framework.dart:5976:11)
#599    ComponentElement.mount (package:flutter/src/widgets/framework.dart:5796:5)
#600    Element.inflateWidget (package:flutter/src/widgets/framework.dart:4590:20)
#601    Element.updateChild (package:flutter/src/widgets/framework.dart:4059:18)
#602    ComponentElement.performRebuild (package:flutter/src/widgets/framework.dart:5844:16)
#603    Element.rebuild (package:flutter/src/widgets/framework.dart:5532:7)
#604    ComponentElement._firstBuild (package:flutter/src/widgets/framework.dart:5802:5)
#605    ComponentElement.mount (package:flutter/src/widgets/framework.dart:5796:5)
#606    Element.inflateWidget (package:flutter/src/widgets/framework.dart:4590:20)
#607    Element.updateChild (package:flutter/src/widgets/framework.dart:4059:18)
#608    ComponentElement.performRebuild (package:flutter/src/widgets/framework.dart:5844:16)
#609    StatefulElement.performRebuild (package:flutter/src/widgets/framework.dart:5985:11)
#610    Element.rebuild (package:flutter/src/widgets/framework.dart:5532:7)
#611    ComponentElement._firstBuild (package:flutter/src/widgets/framework.dart:5802:5)
#612    StatefulElement._firstBuild (package:flutter/src/widgets/framework.dart:5976:11)
#613    ComponentElement.mount (package:flutter/src/widgets/framework.dart:5796:5)
#614    Element.inflateWidget (package:flutter/src/widgets/framework.dart:4590:20)
#615    Element.updateChild (package:flutter/src/widgets/framework.dart:4059:18)
#616    ComponentElement.performRebuild (package:flutter/src/widgets/framework.dart:5844:16)
#617    Element.rebuild (package:flutter/src/widgets/framework.dart:5532:7)
#618    ComponentElement._firstBuild (package:flutter/src/widgets/framework.dart:5802:5)
#619    ComponentElement.mount (package:flutter/src/widgets/framework.dart:5796:5)
#620    Element.inflateWidget (package:flutter/src/widgets/framework.dart:4590:20)
#621    Element.updateChild (package:flutter/src/widgets/framework.dart:4059:18)
#622    ComponentElement.performRebuild (package:flutter/src/widgets/framework.dart:5844:16)
#623    StatefulElement.performRebuild (package:flutter/src/widgets/framework.dart:5985:11)
#624    Element.rebuild (package:flutter/src/widgets/framework.dart:5532:7)
#625    ComponentElement._firstBuild (package:flutter/src/widgets/framework.dart:5802:5)
#626    StatefulElement._firstBuild (package:flutter/src/widgets/framework.dart:5976:11)
#627    ComponentElement.mount (package:flutter/src/widgets/framework.dart:5796:5)
#628    Element.inflateWidget (package:flutter/src/widgets/framework.dart:4590:20)
#629    Element.updateChild (package:flutter/src/widgets/framework.dart:4059:18)
#630    ComponentElement.performRebuild (package:flutter/src/widgets/framework.dart:5844:16)
#631    Element.rebuild (package:flutter/src/widgets/framework.dart:5532:7)
#632    ComponentElement._firstBuild (package:flutter/src/widgets/framework.dart:5802:5)
#633    ComponentElement.mount (package:flutter/src/widgets/framework.dart:5796:5)
#634    Element.inflateWidget (package:flutter/src/widgets/framework.dart:4590:20)
#635    Element.updateChild (package:flutter/src/widgets/framework.dart:4059:18)
#636    SingleChildRenderObjectElement.mount (package:flutter/src/widgets/framework.dart:7118:14)
#637    Element.inflateWidget (package:flutter/src/widgets/framework.dart:4590:20)
#638    Element.updateChild (package:flutter/src/widgets/framework.dart:4059:18)
#639    ComponentElement.performRebuild (package:flutter/src/widgets/framework.dart:5844:16)
#640    Element.rebuild (package:flutter/src/widgets/framework.dart:5532:7)
#641    ComponentElement._firstBuild (package:flutter/src/widgets/framework.dart:5802:5)
#642    ComponentElement.mount (package:flutter/src/widgets/framework.dart:5796:5)
#643    Element.inflateWidget (package:flutter/src/widgets/framework.dart:4590:20)
#644    Element.updateChild (package:flutter/src/widgets/framework.dart:4059:18)
#645    SingleChildRenderObjectElement.mount (package:flutter/src/widgets/framework.dart:7118:14)
#646    Element.inflateWidget (package:flutter/src/widgets/framework.dart:4590:20)
#647    Element.updateChild (package:flutter/src/widgets/framework.dart:4059:18)
#648    SingleChildRenderObjectElement.mount (package:flutter/src/widgets/framework.dart:7118:14)
#649    Element.inflateWidget (package:flutter/src/widgets/framework.dart:4590:20)
#650    Element.updateChild (package:flutter/src/widgets/framework.dart:4059:18)
#651    ComponentElement.performRebuild (package:flutter/src/widgets/framework.dart:5844:16)
#652    StatefulElement.performRebuild (package:flutter/src/widgets/framework.dart:5985:11)
#653    Element.rebuild (package:flutter/src/widgets/framework.dart:5532:7)
#654    ComponentElement._firstBuild (package:flutter/src/widgets/framework.dart:5802:5)
#655    StatefulElement._firstBuild (package:flutter/src/widgets/framework.dart:5976:11)
#656    ComponentElement.mount (package:flutter/src/widgets/framework.dart:5796:5)
#657    Element.inflateWidget (package:flutter/src/widgets/framework.dart:4590:20)
#658    Element.updateChild (package:flutter/src/widgets/framework.dart:4059:18)
#659    SingleChildRenderObjectElement.mount (package:flutter/src/widgets/framework.dart:7118:14)
#660    Element.inflateWidget (package:flutter/src/widgets/framework.dart:4590:20)
#661    Element.updateChild (package:flutter/src/widgets/framework.dart:4059:18)
#662    ComponentElement.performRebuild (package:flutter/src/widgets/framework.dart:5844:16)
#663    StatefulElement.performRebuild (package:flutter/src/widgets/framework.dart:5985:11)
#664    Element.rebuild (package:flutter/src/widgets/framework.dart:5532:7)
#665    ComponentElement._firstBuild (package:flutter/src/widgets/framework.dart:5802:5)
#666    StatefulElement._firstBuild (package:flutter/src/widgets/framework.dart:5976:11)
#667    ComponentElement.mount (package:flutter/src/widgets/framework.dart:5796:5)
#668    Element.inflateWidget (package:flutter/src/widgets/framework.dart:4590:20)
#669    Element.updateChild (package:flutter/src/widgets/framework.dart:4059:18)
#670    SingleChildRenderObjectElement.mount (package:flutter/src/widgets/framework.dart:7118:14)
#671    Element.inflateWidget (package:flutter/src/widgets/framework.dart:4590:20)
#672    Element.updateChild (package:flutter/src/widgets/framework.dart:4059:18)
#673    SingleChildRenderObjectElement.mount (package:flutter/src/widgets/framework.dart:7118:14)
#674    Element.inflateWidget (package:flutter/src/widgets/framework.dart:4590:20)
#675    Element.updateChild (package:flutter/src/widgets/framework.dart:4059:18)
#676    ComponentElement.performRebuild (package:flutter/src/widgets/framework.dart:5844:16)
#677    StatefulElement.performRebuild (package:flutter/src/widgets/framework.dart:5985:11)
#678    Element.rebuild (package:flutter/src/widgets/framework.dart:5532:7)
#679    ComponentElement._firstBuild (package:flutter/src/widgets/framework.dart:5802:5)
#680    StatefulElement._firstBuild (package:flutter/src/widgets/framework.dart:5976:11)
#681    ComponentElement.mount (package:flutter/src/widgets/framework.dart:5796:5)
#682    Element.inflateWidget (package:flutter/src/widgets/framework.dart:4590:20)
#683    Element.updateChild (package:flutter/src/widgets/framework.dart:4059:18)
#684    SingleChildRenderObjectElement.mount (package:flutter/src/widgets/framework.dart:7118:14)
#685    Element.inflateWidget (package:flutter/src/widgets/framework.dart:4590:20)
#686    Element.updateChild (package:flutter/src/widgets/framework.dart:4059:18)
#687    ComponentElement.performRebuild (package:flutter/src/widgets/framework.dart:5844:16)
#688    StatefulElement.performRebuild (package:flutter/src/widgets/framework.dart:5985:11)
#689    Element.rebuild (package:flutter/src/widgets/framework.dart:5532:7)
#690    ComponentElement._firstBuild (package:flutter/src/widgets/framework.dart:5802:5)
#691    StatefulElement._firstBuild (package:flutter/src/widgets/framework.dart:5976:11)
#692    ComponentElement.mount (package:flutter/src/widgets/framework.dart:5796:5)
#693    Element.inflateWidget (package:flutter/src/widgets/framework.dart:4590:20)
#694    Element.updateChild (package:flutter/src/widgets/framework.dart:4059:18)
#695    SingleChildRenderObjectElement.mount (package:flutter/src/widgets/framework.dart:7118:14)
#696    Element.inflateWidget (package:flutter/src/widgets/framework.dart:4590:20)
#697    Element.updateChild (package:flutter/src/widgets/framework.dart:4059:18)
#698    SingleChildRenderObjectElement.mount (package:flutter/src/widgets/framework.dart:7118:14)
#699    Element.inflateWidget (package:flutter/src/widgets/framework.dart:4590:20)
#700    Element.updateChild (package:flutter/src/widgets/framework.dart:4059:18)
#701    ComponentElement.performRebuild (package:flutter/src/widgets/framework.dart:5844:16)
#702    StatefulElement.performRebuild (package:flutter/src/widgets/framework.dart:5985:11)
#703    Element.rebuild (package:flutter/src/widgets/framework.dart:5532:7)
#704    ComponentElement._firstBuild (package:flutter/src/widgets/framework.dart:5802:5)
#705    StatefulElement._firstBuild (package:flutter/src/widgets/framework.dart:5976:11)
#706    ComponentElement.mount (package:flutter/src/widgets/framework.dart:5796:5)
#707    Element.inflateWidget (package:flutter/src/widgets/framework.dart:4590:20)
#708    Element.updateChild (package:flutter/src/widgets/framework.dart:4059:18)
#709    SingleChildRenderObjectElement.mount (package:flutter/src/widgets/framework.dart:7118:14)
#710    Element.inflateWidget (package:flutter/src/widgets/framework.dart:4590:20)
#711    Element.updateChild (package:flutter/src/widgets/framework.dart:4059:18)
#712    SingleChildRenderObjectElement.mount (package:flutter/src/widgets/framework.dart:7118:14)
#713    Element.inflateWidget (package:flutter/src/widgets/framework.dart:4590:20)
#714    Element.updateChild (package:flutter/src/widgets/framework.dart:4059:18)
#715    SingleChildRenderObjectElement.mount (package:flutter/src/widgets/framework.dart:7118:14)
#716    Element.inflateWidget (package:flutter/src/widgets/framework.dart:4590:20)
#717    Element.updateChild (package:flutter/src/widgets/framework.dart:4059:18)
#718    ComponentElement.performRebuild (package:flutter/src/widgets/framework.dart:5844:16)
#719    StatefulElement.performRebuild (package:flutter/src/widgets/framework.dart:5985:11)
#720    Element.rebuild (package:flutter/src/widgets/framework.dart:5532:7)
#721    ComponentElement._firstBuild (package:flutter/src/widgets/framework.dart:5802:5)
#722    StatefulElement._firstBuild (package:flutter/src/widgets/framework.dart:5976:11)
#723    ComponentElement.mount (package:flutter/src/widgets/framework.dart:5796:5)
#724    Element.inflateWidget (package:flutter/src/widgets/framework.dart:4590:20)
#725    Element.updateChild (package:flutter/src/widgets/framework.dart:4059:18)
#726    SingleChildRenderObjectElement.mount (package:flutter/src/widgets/framework.dart:7118:14)
#727    Element.inflateWidget (package:flutter/src/widgets/framework.dart:4590:20)
#728    Element.updateChild (package:flutter/src/widgets/framework.dart:4059:18)
#729    ComponentElement.performRebuild (package:flutter/src/widgets/framework.dart:5844:16)
#730    StatefulElement.performRebuild (package:flutter/src/widgets/framework.dart:5985:11)
#731    Element.rebuild (package:flutter/src/widgets/framework.dart:5532:7)
#732    ComponentElement._firstBuild (package:flutter/src/widgets/framework.dart:5802:5)
#733    StatefulElement._firstBuild (package:flutter/src/widgets/framework.dart:5976:11)
#734    ComponentElement.mount (package:flutter/src/widgets/framework.dart:5796:5)
#735    Element.inflateWidget (package:flutter/src/widgets/framework.dart:4590:20)
#736    Element.updateChild (package:flutter/src/widgets/framework.dart:4059:18)
#737    ComponentElement.performRebuild (package:flutter/src/widgets/framework.dart:5844:16)
#738    Element.rebuild (package:flutter/src/widgets/framework.dart:5532:7)
#739    ComponentElement._firstBuild (package:flutter/src/widgets/framework.dart:5802:5)
#740    ComponentElement.mount (package:flutter/src/widgets/framework.dart:5796:5)
#741    Element.inflateWidget (package:flutter/src/widgets/framework.dart:4590:20)
#742    Element.updateChild (package:flutter/src/widgets/framework.dart:4059:18)
#743    ComponentElement.performRebuild (package:flutter/src/widgets/framework.dart:5844:16)
#744    StatefulElement.performRebuild (package:flutter/src/widgets/framework.dart:5985:11)
#745    Element.rebuild (package:flutter/src/widgets/framework.dart:5532:7)
#746    ComponentElement._firstBuild (package:flutter/src/widgets/framework.dart:5802:5)
#747    StatefulElement._firstBuild (package:flutter/src/widgets/framework.dart:5976:11)
#748    ComponentElement.mount (package:flutter/src/widgets/framework.dart:5796:5)
#749    Element.inflateWidget (package:flutter/src/widgets/framework.dart:4590:20)
#750    Element.updateChild (package:flutter/src/widgets/framework.dart:4059:18)
#751    ComponentElement.performRebuild (package:flutter/src/widgets/framework.dart:5844:16)
#752    StatefulElement.performRebuild (package:flutter/src/widgets/framework.dart:5985:11)
#753    Element.rebuild (package:flutter/src/widgets/framework.dart:5532:7)
#754    ComponentElement._firstBuild (package:flutter/src/widgets/framework.dart:5802:5)
#755    StatefulElement._firstBuild (package:flutter/src/widgets/framework.dart:5976:11)
#756    ComponentElement.mount (package:flutter/src/widgets/framework.dart:5796:5)
#757    Element.inflateWidget (package:flutter/src/widgets/framework.dart:4590:20)
#758    Element.updateChild (package:flutter/src/widgets/framework.dart:4059:18)
#759    ComponentElement.performRebuild (package:flutter/src/widgets/framework.dart:5844:16)
#760    StatefulElement.performRebuild (package:flutter/src/widgets/framework.dart:5985:11)
#761    Element.rebuild (package:flutter/src/widgets/framework.dart:5532:7)
#762    ComponentElement._firstBuild (package:flutter/src/widgets/framework.dart:5802:5)
#763    StatefulElement._firstBuild (package:flutter/src/widgets/framework.dart:5976:11)
#764    ComponentElement.mount (package:flutter/src/widgets/framework.dart:5796:5)
#765    Element.inflateWidget (package:flutter/src/widgets/framework.dart:4590:20)
#766    Element.updateChild (package:flutter/src/widgets/framework.dart:4059:18)
#767    SingleChildRenderObjectElement.mount (package:flutter/src/widgets/framework.dart:7118:14)
#768    Element.inflateWidget (package:flutter/src/widgets/framework.dart:4590:20)
#769    Element.updateChild (package:flutter/src/widgets/framework.dart:4059:18)
#770    ComponentElement.performRebuild (package:flutter/src/widgets/framework.dart:5844:16)
#771    Element.rebuild (package:flutter/src/widgets/framework.dart:5532:7)
#772    ComponentElement._firstBuild (package:flutter/src/widgets/framework.dart:5802:5)
#773    ComponentElement.mount (package:flutter/src/widgets/framework.dart:5796:5)
#774    Element.inflateWidget (package:flutter/src/widgets/framework.dart:4590:20)
#775    Element.updateChild (package:flutter/src/widgets/framework.dart:4059:18)
#776    SingleChildRenderObjectElement.mount (package:flutter/src/widgets/framework.dart:7118:14)
#777    Element.inflateWidget (package:flutter/src/widgets/framework.dart:4590:20)
#778    Element.updateChild (package:flutter/src/widgets/framework.dart:4059:18)
#779    ComponentElement.performRebuild (package:flutter/src/widgets/framework.dart:5844:16)
#780    StatefulElement.performRebuild (package:flutter/src/widgets/framework.dart:5985:11)
#781    Element.rebuild (package:flutter/src/widgets/framework.dart:5532:7)
#782    ComponentElement._firstBuild (package:flutter/src/widgets/framework.dart:5802:5)
#783    StatefulElement._firstBuild (package:flutter/src/widgets/framework.dart:5976:11)
#784    ComponentElement.mount (package:flutter/src/widgets/framework.dart:5796:5)
#785    Element.inflateWidget (package:flutter/src/widgets/framework.dart:4590:20)
#786    Element.updateChild (package:flutter/src/widgets/framework.dart:4059:18)
#787    ComponentElement.performRebuild (package:flutter/src/widgets/framework.dart:5844:16)
#788    Element.rebuild (package:flutter/src/widgets/framework.dart:5532:7)
#789    ComponentElement._firstBuild (package:flutter/src/widgets/framework.dart:5802:5)
#790    ComponentElement.mount (package:flutter/src/widgets/framework.dart:5796:5)
#791    Element.inflateWidget (package:flutter/src/widgets/framework.dart:4590:20)
#792    Element.updateChild (package:flutter/src/widgets/framework.dart:4059:18)
#793    ComponentElement.performRebuild (package:flutter/src/widgets/framework.dart:5844:16)
#794    Element.rebuild (package:flutter/src/widgets/framework.dart:5532:7)
#795    ComponentElement._firstBuild (package:flutter/src/widgets/framework.dart:5802:5)
#796    ComponentElement.mount (package:flutter/src/widgets/framework.dart:5796:5)
#797    Element.inflateWidget (package:flutter/src/widgets/framework.dart:4590:20)
#798    Element.updateChild (package:flutter/src/widgets/framework.dart:4059:18)
#799    ComponentElement.performRebuild (package:flutter/src/widgets/framework.dart:5844:16)
#800    StatefulElement.performRebuild (package:flutter/src/widgets/framework.dart:5985:11)
#801    Element.rebuild (package:flutter/src/widgets/framework.dart:5532:7)
#802    ComponentElement._firstBuild (package:flutter/src/widgets/framework.dart:5802:5)
#803    StatefulElement._firstBuild (package:flutter/src/widgets/framework.dart:5976:11)
#804    ComponentElement.mount (package:flutter/src/widgets/framework.dart:5796:5)
#805    Element.inflateWidget (package:flutter/src/widgets/framework.dart:4590:20)
#806    Element.updateChild (package:flutter/src/widgets/framework.dart:4059:18)
#807    ComponentElement.performRebuild (package:flutter/src/widgets/framework.dart:5844:16)
#808    Element.rebuild (package:flutter/src/widgets/framework.dart:5532:7)
#809    ComponentElement._firstBuild (package:flutter/src/widgets/framework.dart:5802:5)
#810    ComponentElement.mount (package:flutter/src/widgets/framework.dart:5796:5)
#811    Element.inflateWidget (package:flutter/src/widgets/framework.dart:4590:20)
#812    Element.updateChild (package:flutter/src/widgets/framework.dart:4059:18)
#813    ComponentElement.performRebuild (package:flutter/src/widgets/framework.dart:5844:16)
#814    Element.rebuild (package:flutter/src/widgets/framework.dart:5532:7)
#815    ComponentElement._firstBuild (package:flutter/src/widgets/framework.dart:5802:5)
#816    ComponentElement.mount (package:flutter/src/widgets/framework.dart:5796:5)
#817    Element.inflateWidget (package:flutter/src/widgets/framework.dart:4590:20)
#818    Element.updateChild (package:flutter/src/widgets/framework.dart:4059:18)
#819    SingleChildRenderObjectElement.mount (package:flutter/src/widgets/framework.dart:7118:14)
#820    Element.inflateWidget (package:flutter/src/widgets/framework.dart:4590:20)
#821    Element.updateChild (package:flutter/src/widgets/framework.dart:4059:18)
#822    ComponentElement.performRebuild (package:flutter/src/widgets/framework.dart:5844:16)
#823    Element.rebuild (package:flutter/src/widgets/framework.dart:5532:7)
#824    ComponentElement._firstBuild (package:flutter/src/widgets/framework.dart:5802:5)
#825    ComponentElement.mount (package:flutter/src/widgets/framework.dart:5796:5)
#826    Element.inflateWidget (package:flutter/src/widgets/framework.dart:4590:20)
#827    Element.updateChild (package:flutter/src/widgets/framework.dart:4059:18)
#828    ComponentElement.performRebuild (package:flutter/src/widgets/framework.dart:5844:16)
#829    Element.rebuild (package:flutter/src/widgets/framework.dart:5532:7)
#830    ComponentElement._firstBuild (package:flutter/src/widgets/framework.dart:5802:5)
#831    ComponentElement.mount (package:flutter/src/widgets/framework.dart:5796:5)
#832    Element.inflateWidget (package:flutter/src/widgets/framework.dart:4590:20)
#833    Element.updateChild (package:flutter/src/widgets/framework.dart:4059:18)
#834    ComponentElement.performRebuild (package:flutter/src/widgets/framework.dart:5844:16)
#835    StatefulElement.performRebuild (package:flutter/src/widgets/framework.dart:5985:11)
#836    Element.rebuild (package:flutter/src/widgets/framework.dart:5532:7)
#837    ComponentElement._firstBuild (package:flutter/src/widgets/framework.dart:5802:5)
#838    StatefulElement._firstBuild (package:flutter/src/widgets/framework.dart:5976:11)
#839    ComponentElement.mount (package:flutter/src/widgets/framework.dart:5796:5)
#840    Element.inflateWidget (package:flutter/src/widgets/framework.dart:4590:20)
#841    Element.updateChild (package:flutter/src/widgets/framework.dart:4059:18)
#842    ComponentElement.performRebuild (package:flutter/src/widgets/framework.dart:5844:16)
#843    StatefulElement.performRebuild (package:flutter/src/widgets/framework.dart:5985:11)
#844    Element.rebuild (package:flutter/src/widgets/framework.dart:5532:7)
#845    ComponentElement._firstBuild (package:flutter/src/widgets/framework.dart:5802:5)
#846    StatefulElement._firstBuild (package:flutter/src/widgets/framework.dart:5976:11)
#847    ComponentElement.mount (package:flutter/src/widgets/framework.dart:5796:5)
#848    Element.inflateWidget (package:flutter/src/widgets/framework.dart:4590:20)
#849    Element.updateChild (package:flutter/src/widgets/framework.dart:4059:18)
#850    ComponentElement.performRebuild (package:flutter/src/widgets/framework.dart:5844:16)
#851    StatefulElement.performRebuild (package:flutter/src/widgets/framework.dart:5985:11)
#852    Element.rebuild (package:flutter/src/widgets/framework.dart:5532:7)
#853    ComponentElement._firstBuild (package:flutter/src/widgets/framework.dart:5802:5)
#854    StatefulElement._firstBuild (package:flutter/src/widgets/framework.dart:5976:11)
#855    ComponentElement.mount (package:flutter/src/widgets/framework.dart:5796:5)
#856    Element.inflateWidget (package:flutter/src/widgets/framework.dart:4590:20)
#857    Element.updateChild (package:flutter/src/widgets/framework.dart:4059:18)
#858    SingleChildRenderObjectElement.mount (package:flutter/src/widgets/framework.dart:7118:14)
#859    Element.inflateWidget (package:flutter/src/widgets/framework.dart:4590:20)
#860    Element.updateChild (package:flutter/src/widgets/framework.dart:4059:18)
#861    ComponentElement.performRebuild (package:flutter/src/widgets/framework.dart:5844:16)
#862    Element.rebuild (package:flutter/src/widgets/framework.dart:5532:7)
#863    ComponentElement._firstBuild (package:flutter/src/widgets/framework.dart:5802:5)
#864    ComponentElement.mount (package:flutter/src/widgets/framework.dart:5796:5)
#865    Element.inflateWidget (package:flutter/src/widgets/framework.dart:4590:20)
#866    Element.updateChild (package:flutter/src/widgets/framework.dart:4059:18)
#867    ComponentElement.performRebuild (package:flutter/src/widgets/framework.dart:5844:16)
#868    Element.rebuild (package:flutter/src/widgets/framework.dart:5532:7)
#869    ComponentElement._firstBuild (package:flutter/src/widgets/framework.dart:5802:5)
#870    ComponentElement.mount (package:flutter/src/widgets/framework.dart:5796:5)
#871    Element.inflateWidget (package:flutter/src/widgets/framework.dart:4590:20)
#872    Element.updateChild (package:flutter/src/widgets/framework.dart:4059:18)
#873    ComponentElement.performRebuild (package:flutter/src/widgets/framework.dart:5844:16)
#874    Element.rebuild (package:flutter/src/widgets/framework.dart:5532:7)
#875    ComponentElement._firstBuild (package:flutter/src/widgets/framework.dart:5802:5)
#876    ComponentElement.mount (package:flutter/src/widgets/framework.dart:5796:5)
#877    Element.inflateWidget (package:flutter/src/widgets/framework.dart:4590:20)
#878    Element.updateChild (package:flutter/src/widgets/framework.dart:4059:18)
#879    ComponentElement.performRebuild (package:flutter/src/widgets/framework.dart:5844:16)
#880    StatefulElement.performRebuild (package:flutter/src/widgets/framework.dart:5985:11)
#881    Element.rebuild (package:flutter/src/widgets/framework.dart:5532:7)
#882    ComponentElement._firstBuild (package:flutter/src/widgets/framework.dart:5802:5)
#883    StatefulElement._firstBuild (package:flutter/src/widgets/framework.dart:5976:11)
#884    ComponentElement.mount (package:flutter/src/widgets/framework.dart:5796:5)
#885    Element.inflateWidget (package:flutter/src/widgets/framework.dart:4590:20)
#886    Element.updateChild (package:flutter/src/widgets/framework.dart:4059:18)
#887    ComponentElement.performRebuild (package:flutter/src/widgets/framework.dart:5844:16)
#888    StatefulElement.performRebuild (package:flutter/src/widgets/framework.dart:5985:11)
#889    Element.rebuild (package:flutter/src/widgets/framework.dart:5532:7)
#890    ComponentElement._firstBuild (package:flutter/src/widgets/framework.dart:5802:5)
#891    StatefulElement._firstBuild (package:flutter/src/widgets/framework.dart:5976:11)
#892    ComponentElement.mount (package:flutter/src/widgets/framework.dart:5796:5)
#893    Element.inflateWidget (package:flutter/src/widgets/framework.dart:4590:20)
#894    MultiChildRenderObjectElement.inflateWidget
(package:flutter/src/widgets/framework.dart:7269:36)
#895    MultiChildRenderObjectElement.mount (package:flutter/src/widgets/framework.dart:7285:32)
#896    Element.inflateWidget (package:flutter/src/widgets/framework.dart:4590:20)
#897    Element.updateChild (package:flutter/src/widgets/framework.dart:4059:18)
#898    ComponentElement.performRebuild (package:flutter/src/widgets/framework.dart:5844:16)
#899    StatefulElement.performRebuild (package:flutter/src/widgets/framework.dart:5985:11)
#900    Element.rebuild (package:flutter/src/widgets/framework.dart:5532:7)
#901    ComponentElement._firstBuild (package:flutter/src/widgets/framework.dart:5802:5)
#902    StatefulElement._firstBuild (package:flutter/src/widgets/framework.dart:5976:11)
#903    ComponentElement.mount (package:flutter/src/widgets/framework.dart:5796:5)
#904    Element.inflateWidget (package:flutter/src/widgets/framework.dart:4590:20)
#905    Element.updateChild (package:flutter/src/widgets/framework.dart:4059:18)
#906    ComponentElement.performRebuild (package:flutter/src/widgets/framework.dart:5844:16)
#907    Element.rebuild (package:flutter/src/widgets/framework.dart:5532:7)
#908    ComponentElement._firstBuild (package:flutter/src/widgets/framework.dart:5802:5)
#909    ComponentElement.mount (package:flutter/src/widgets/framework.dart:5796:5)
#910    Element.inflateWidget (package:flutter/src/widgets/framework.dart:4590:20)
#911    Element.updateChild (package:flutter/src/widgets/framework.dart:4059:18)
#912    ComponentElement.performRebuild (package:flutter/src/widgets/framework.dart:5844:16)
#913    Element.rebuild (package:flutter/src/widgets/framework.dart:5532:7)
#914    ComponentElement._firstBuild (package:flutter/src/widgets/framework.dart:5802:5)
#915    ComponentElement.mount (package:flutter/src/widgets/framework.dart:5796:5)
#916    Element.inflateWidget (package:flutter/src/widgets/framework.dart:4590:20)
#917    Element.updateChild (package:flutter/src/widgets/framework.dart:4059:18)
#918    ComponentElement.performRebuild (package:flutter/src/widgets/framework.dart:5844:16)
#919    StatefulElement.performRebuild (package:flutter/src/widgets/framework.dart:5985:11)
#920    Element.rebuild (package:flutter/src/widgets/framework.dart:5532:7)
#921    ComponentElement._firstBuild (package:flutter/src/widgets/framework.dart:5802:5)
#922    StatefulElement._firstBuild (package:flutter/src/widgets/framework.dart:5976:11)
#923    ComponentElement.mount (package:flutter/src/widgets/framework.dart:5796:5)
#924    Element.inflateWidget (package:flutter/src/widgets/framework.dart:4590:20)
#925    Element.updateChild (package:flutter/src/widgets/framework.dart:4059:18)
#926    ComponentElement.performRebuild (package:flutter/src/widgets/framework.dart:5844:16)
#927    Element.rebuild (package:flutter/src/widgets/framework.dart:5532:7)
#928    ComponentElement._firstBuild (package:flutter/src/widgets/framework.dart:5802:5)
#929    ComponentElement.mount (package:flutter/src/widgets/framework.dart:5796:5)
#930    Element.inflateWidget (package:flutter/src/widgets/framework.dart:4590:20)
#931    Element.updateChild (package:flutter/src/widgets/framework.dart:4059:18)
#932    ComponentElement.performRebuild (package:flutter/src/widgets/framework.dart:5844:16)
#933    StatefulElement.performRebuild (package:flutter/src/widgets/framework.dart:5985:11)
#934    Element.rebuild (package:flutter/src/widgets/framework.dart:5532:7)
#935    ComponentElement._firstBuild (package:flutter/src/widgets/framework.dart:5802:5)
#936    StatefulElement._firstBuild (package:flutter/src/widgets/framework.dart:5976:11)
#937    ComponentElement.mount (package:flutter/src/widgets/framework.dart:5796:5)
#938    Element.inflateWidget (package:flutter/src/widgets/framework.dart:4590:20)
#939    Element.updateChild (package:flutter/src/widgets/framework.dart:4059:18)
#940    ComponentElement.performRebuild (package:flutter/src/widgets/framework.dart:5844:16)
#941    StatefulElement.performRebuild (package:flutter/src/widgets/framework.dart:5985:11)
#942    Element.rebuild (package:flutter/src/widgets/framework.dart:5532:7)
#943    ComponentElement._firstBuild (package:flutter/src/widgets/framework.dart:5802:5)
#944    StatefulElement._firstBuild (package:flutter/src/widgets/framework.dart:5976:11)
#945    ComponentElement.mount (package:flutter/src/widgets/framework.dart:5796:5)
#946    Element.inflateWidget (package:flutter/src/widgets/framework.dart:4590:20)
#947    Element.updateChild (package:flutter/src/widgets/framework.dart:4059:18)
#948    SingleChildRenderObjectElement.mount (package:flutter/src/widgets/framework.dart:7118:14)
#949    Element.inflateWidget (package:flutter/src/widgets/framework.dart:4590:20)
#950    Element.updateChild (package:flutter/src/widgets/framework.dart:4059:18)
#951    SingleChildRenderObjectElement.mount (package:flutter/src/widgets/framework.dart:7118:14)
#952    Element.inflateWidget (package:flutter/src/widgets/framework.dart:4590:20)
#953    Element.updateChild (package:flutter/src/widgets/framework.dart:4059:18)
#954    ComponentElement.performRebuild (package:flutter/src/widgets/framework.dart:5844:16)
#955    Element.rebuild (package:flutter/src/widgets/framework.dart:5532:7)
#956    ComponentElement._firstBuild (package:flutter/src/widgets/framework.dart:5802:5)
#957    ComponentElement.mount (package:flutter/src/widgets/framework.dart:5796:5)
#958    Element.inflateWidget (package:flutter/src/widgets/framework.dart:4590:20)
#959    Element.updateChild (package:flutter/src/widgets/framework.dart:4059:18)
#960    ComponentElement.performRebuild (package:flutter/src/widgets/framework.dart:5844:16)
#961    Element.rebuild (package:flutter/src/widgets/framework.dart:5532:7)
#962    ComponentElement._firstBuild (package:flutter/src/widgets/framework.dart:5802:5)
#963    ComponentElement.mount (package:flutter/src/widgets/framework.dart:5796:5)
#964    Element.inflateWidget (package:flutter/src/widgets/framework.dart:4590:20)
#965    Element.updateChild (package:flutter/src/widgets/framework.dart:4059:18)
#966    ComponentElement.performRebuild (package:flutter/src/widgets/framework.dart:5844:16)
#967    StatefulElement.performRebuild (package:flutter/src/widgets/framework.dart:5985:11)
#968    Element.rebuild (package:flutter/src/widgets/framework.dart:5532:7)
#969    ComponentElement._firstBuild (package:flutter/src/widgets/framework.dart:5802:5)
#970    StatefulElement._firstBuild (package:flutter/src/widgets/framework.dart:5976:11)
#971    ComponentElement.mount (package:flutter/src/widgets/framework.dart:5796:5)
#972    Element.inflateWidget (package:flutter/src/widgets/framework.dart:4590:20)
#973    Element.updateChild (package:flutter/src/widgets/framework.dart:4059:18)
#974    ComponentElement.performRebuild (package:flutter/src/widgets/framework.dart:5844:16)
#975    Element.rebuild (package:flutter/src/widgets/framework.dart:5532:7)
#976    ComponentElement._firstBuild (package:flutter/src/widgets/framework.dart:5802:5)
#977    ComponentElement.mount (package:flutter/src/widgets/framework.dart:5796:5)
#978    Element.inflateWidget (package:flutter/src/widgets/framework.dart:4590:20)
#979    Element.updateChild (package:flutter/src/widgets/framework.dart:4059:18)
#980    ComponentElement.performRebuild (package:flutter/src/widgets/framework.dart:5844:16)
#981    Element.rebuild (package:flutter/src/widgets/framework.dart:5532:7)
#982    ComponentElement._firstBuild (package:flutter/src/widgets/framework.dart:5802:5)
#983    ComponentElement.mount (package:flutter/src/widgets/framework.dart:5796:5)
#984    Element.inflateWidget (package:flutter/src/widgets/framework.dart:4590:20)
#985    Element.updateChild (package:flutter/src/widgets/framework.dart:4059:18)
#986    ComponentElement.performRebuild (package:flutter/src/widgets/framework.dart:5844:16)
#987    StatefulElement.performRebuild (package:flutter/src/widgets/framework.dart:5985:11)
#988    Element.rebuild (package:flutter/src/widgets/framework.dart:5532:7)
#989    ComponentElement._firstBuild (package:flutter/src/widgets/framework.dart:5802:5)
#990    StatefulElement._firstBuild (package:flutter/src/widgets/framework.dart:5976:11)
#991    ComponentElement.mount (package:flutter/src/widgets/framework.dart:5796:5)
#992    Element.inflateWidget (package:flutter/src/widgets/framework.dart:4590:20)
#993    Element.updateChild (package:flutter/src/widgets/framework.dart:4059:18)
#994    ComponentElement.performRebuild (package:flutter/src/widgets/framework.dart:5844:16)
#995    Element.rebuild (package:flutter/src/widgets/framework.dart:5532:7)
#996    ComponentElement._firstBuild (package:flutter/src/widgets/framework.dart:5802:5)
#997    ComponentElement.mount (package:flutter/src/widgets/framework.dart:5796:5)
#998    Element.inflateWidget (package:flutter/src/widgets/framework.dart:4590:20)
#999    Element.updateChild (package:flutter/src/widgets/framework.dart:4059:18)
#1000   ComponentElement.performRebuild (package:flutter/src/widgets/framework.dart:5844:16)
#1001   Element.rebuild (package:flutter/src/widgets/framework.dart:5532:7)
#1002   ComponentElement._firstBuild (package:flutter/src/widgets/framework.dart:5802:5)
#1003   ComponentElement.mount (package:flutter/src/widgets/framework.dart:5796:5)
#1004   Element.inflateWidget (package:flutter/src/widgets/framework.dart:4590:20)
#1005   Element.updateChild (package:flutter/src/widgets/framework.dart:4059:18)
#1006   ComponentElement.performRebuild (package:flutter/src/widgets/framework.dart:5844:16)
#1007   Element.rebuild (package:flutter/src/widgets/framework.dart:5532:7)
#1008   ComponentElement._firstBuild (package:flutter/src/widgets/framework.dart:5802:5)
#1009   ComponentElement.mount (package:flutter/src/widgets/framework.dart:5796:5)
#1010   Element.inflateWidget (package:flutter/src/widgets/framework.dart:4590:20)
#1011   Element.updateChild (package:flutter/src/widgets/framework.dart:4059:18)
#1012   ComponentElement.performRebuild (package:flutter/src/widgets/framework.dart:5844:16)
#1013   Element.rebuild (package:flutter/src/widgets/framework.dart:5532:7)
#1014   ComponentElement._firstBuild (package:flutter/src/widgets/framework.dart:5802:5)
#1015   ComponentElement.mount (package:flutter/src/widgets/framework.dart:5796:5)
#1016   Element.inflateWidget (package:flutter/src/widgets/framework.dart:4590:20)
#1017   Element.updateChild (package:flutter/src/widgets/framework.dart:4059:18)
#1018   ComponentElement.performRebuild (package:flutter/src/widgets/framework.dart:5844:16)
#1019   StatefulElement.performRebuild (package:flutter/src/widgets/framework.dart:5985:11)
#1020   Element.rebuild (package:flutter/src/widgets/framework.dart:5532:7)
#1021   ComponentElement._firstBuild (package:flutter/src/widgets/framework.dart:5802:5)
#1022   StatefulElement._firstBuild (package:flutter/src/widgets/framework.dart:5976:11)
#1023   ComponentElement.mount (package:flutter/src/widgets/framework.dart:5796:5)
#1024   Element.inflateWidget (package:flutter/src/widgets/framework.dart:4590:20)
#1025   Element.updateChild (package:flutter/src/widgets/framework.dart:4059:18)
#1026   ComponentElement.performRebuild (package:flutter/src/widgets/framework.dart:5844:16)
#1027   Element.rebuild (package:flutter/src/widgets/framework.dart:5532:7)
#1028   ComponentElement._firstBuild (package:flutter/src/widgets/framework.dart:5802:5)
#1029   ComponentElement.mount (package:flutter/src/widgets/framework.dart:5796:5)
#1030   Element.inflateWidget (package:flutter/src/widgets/framework.dart:4590:20)
#1031   Element.updateChild (package:flutter/src/widgets/framework.dart:4059:18)
#1032   ComponentElement.performRebuild (package:flutter/src/widgets/framework.dart:5844:16)
#1033   Element.rebuild (package:flutter/src/widgets/framework.dart:5532:7)
#1034   ComponentElement._firstBuild (package:flutter/src/widgets/framework.dart:5802:5)
#1035   ComponentElement.mount (package:flutter/src/widgets/framework.dart:5796:5)
#1036   Element.inflateWidget (package:flutter/src/widgets/framework.dart:4590:20)
#1037   Element.updateChild (package:flutter/src/widgets/framework.dart:4059:18)
#1038   ComponentElement.performRebuild (package:flutter/src/widgets/framework.dart:5844:16)
#1039   StatefulElement.performRebuild (package:flutter/src/widgets/framework.dart:5985:11)
#1040   Element.rebuild (package:flutter/src/widgets/framework.dart:5532:7)
#1041   ComponentElement._firstBuild (package:flutter/src/widgets/framework.dart:5802:5)
#1042   StatefulElement._firstBuild (package:flutter/src/widgets/framework.dart:5976:11)
#1043   ComponentElement.mount (package:flutter/src/widgets/framework.dart:5796:5)
#1044   Element.inflateWidget (package:flutter/src/widgets/framework.dart:4590:20)
#1045   Element.updateChild (package:flutter/src/widgets/framework.dart:4059:18)
#1046   ComponentElement.performRebuild (package:flutter/src/widgets/framework.dart:5844:16)
#1047   Element.rebuild (package:flutter/src/widgets/framework.dart:5532:7)
#1048   ComponentElement._firstBuild (package:flutter/src/widgets/framework.dart:5802:5)
#1049   ComponentElement.mount (package:flutter/src/widgets/framework.dart:5796:5)
#1050   Element.inflateWidget (package:flutter/src/widgets/framework.dart:4590:20)
#1051   Element.updateChild (package:flutter/src/widgets/framework.dart:4059:18)
#1052   ComponentElement.performRebuild (package:flutter/src/widgets/framework.dart:5844:16)
#1053   Element.rebuild (package:flutter/src/widgets/framework.dart:5532:7)
#1054   ComponentElement._firstBuild (package:flutter/src/widgets/framework.dart:5802:5)
#1055   ComponentElement.mount (package:flutter/src/widgets/framework.dart:5796:5)
#1056   Element.inflateWidget (package:flutter/src/widgets/framework.dart:4590:20)
#1057   Element.updateChild (package:flutter/src/widgets/framework.dart:4059:18)
#1058   ComponentElement.performRebuild (package:flutter/src/widgets/framework.dart:5844:16)
#1059   Element.rebuild (package:flutter/src/widgets/framework.dart:5532:7)
#1060   ComponentElement._firstBuild (package:flutter/src/widgets/framework.dart:5802:5)
#1061   ComponentElement.mount (package:flutter/src/widgets/framework.dart:5796:5)
#1062   Element.inflateWidget (package:flutter/src/widgets/framework.dart:4590:20)
#1063   Element.updateChild (package:flutter/src/widgets/framework.dart:4059:18)
#1064   ComponentElement.performRebuild (package:flutter/src/widgets/framework.dart:5844:16)
#1065   Element.rebuild (package:flutter/src/widgets/framework.dart:5532:7)
#1066   ComponentElement._firstBuild (package:flutter/src/widgets/framework.dart:5802:5)
#1067   ComponentElement.mount (package:flutter/src/widgets/framework.dart:5796:5)
#1068   Element.inflateWidget (package:flutter/src/widgets/framework.dart:4590:20)
#1069   Element.updateChild (package:flutter/src/widgets/framework.dart:4059:18)
#1070   ComponentElement.performRebuild (package:flutter/src/widgets/framework.dart:5844:16)
#1071   Element.rebuild (package:flutter/src/widgets/framework.dart:5532:7)
#1072   ComponentElement._firstBuild (package:flutter/src/widgets/framework.dart:5802:5)
#1073   ComponentElement.mount (package:flutter/src/widgets/framework.dart:5796:5)
#1074   Element.inflateWidget (package:flutter/src/widgets/framework.dart:4590:20)
#1075   Element.updateChild (package:flutter/src/widgets/framework.dart:4059:18)
#1076   ComponentElement.performRebuild (package:flutter/src/widgets/framework.dart:5844:16)
#1077   Element.rebuild (package:flutter/src/widgets/framework.dart:5532:7)
#1078   ComponentElement._firstBuild (package:flutter/src/widgets/framework.dart:5802:5)
#1079   ComponentElement.mount (package:flutter/src/widgets/framework.dart:5796:5)
#1080   Element.inflateWidget (package:flutter/src/widgets/framework.dart:4590:20)
#1081   Element.updateChild (package:flutter/src/widgets/framework.dart:4059:18)
#1082   ComponentElement.performRebuild (package:flutter/src/widgets/framework.dart:5844:16)
#1083   Element.rebuild (package:flutter/src/widgets/framework.dart:5532:7)
#1084   ComponentElement._firstBuild (package:flutter/src/widgets/framework.dart:5802:5)
#1085   ComponentElement.mount (package:flutter/src/widgets/framework.dart:5796:5)
#1086   Element.inflateWidget (package:flutter/src/widgets/framework.dart:4590:20)
#1087   Element.updateChild (package:flutter/src/widgets/framework.dart:4059:18)
#1088   ComponentElement.performRebuild (package:flutter/src/widgets/framework.dart:5844:16)
#1089   StatefulElement.performRebuild (package:flutter/src/widgets/framework.dart:5985:11)
#1090   Element.rebuild (package:flutter/src/widgets/framework.dart:5532:7)
#1091   ComponentElement._firstBuild (package:flutter/src/widgets/framework.dart:5802:5)
#1092   StatefulElement._firstBuild (package:flutter/src/widgets/framework.dart:5976:11)
#1093   ComponentElement.mount (package:flutter/src/widgets/framework.dart:5796:5)
#1094   Element.inflateWidget (package:flutter/src/widgets/framework.dart:4590:20)
#1095   Element.updateChild (package:flutter/src/widgets/framework.dart:4059:18)
#1096   ComponentElement.performRebuild (package:flutter/src/widgets/framework.dart:5844:16)
#1097   Element.rebuild (package:flutter/src/widgets/framework.dart:5532:7)
#1098   ComponentElement._firstBuild (package:flutter/src/widgets/framework.dart:5802:5)
#1099   ComponentElement.mount (package:flutter/src/widgets/framework.dart:5796:5)
#1100   Element.inflateWidget (package:flutter/src/widgets/framework.dart:4590:20)
#1101   Element.updateChild (package:flutter/src/widgets/framework.dart:4059:18)
#1102   ComponentElement.performRebuild (package:flutter/src/widgets/framework.dart:5844:16)
#1103   Element.rebuild (package:flutter/src/widgets/framework.dart:5532:7)
#1104   ComponentElement._firstBuild (package:flutter/src/widgets/framework.dart:5802:5)
#1105   ComponentElement.mount (package:flutter/src/widgets/framework.dart:5796:5)
#1106   Element.inflateWidget (package:flutter/src/widgets/framework.dart:4590:20)
#1107   Element.updateChild (package:flutter/src/widgets/framework.dart:4059:18)
#1108   ComponentElement.performRebuild (package:flutter/src/widgets/framework.dart:5844:16)
#1109   StatefulElement.performRebuild (package:flutter/src/widgets/framework.dart:5985:11)
#1110   Element.rebuild (package:flutter/src/widgets/framework.dart:5532:7)
#1111   ComponentElement._firstBuild (package:flutter/src/widgets/framework.dart:5802:5)
#1112   StatefulElement._firstBuild (package:flutter/src/widgets/framework.dart:5976:11)
#1113   ComponentElement.mount (package:flutter/src/widgets/framework.dart:5796:5)
#1114   Element.inflateWidget (package:flutter/src/widgets/framework.dart:4590:20)
#1115   Element.updateChild (package:flutter/src/widgets/framework.dart:4059:18)
#1116   ComponentElement.performRebuild (package:flutter/src/widgets/framework.dart:5844:16)
#1117   Element.rebuild (package:flutter/src/widgets/framework.dart:5532:7)
#1118   ComponentElement._firstBuild (package:flutter/src/widgets/framework.dart:5802:5)
#1119   ComponentElement.mount (package:flutter/src/widgets/framework.dart:5796:5)
#1120   Element.inflateWidget (package:flutter/src/widgets/framework.dart:4590:20)
#1121   Element.updateChild (package:flutter/src/widgets/framework.dart:4059:18)
#1122   ComponentElement.performRebuild (package:flutter/src/widgets/framework.dart:5844:16)
#1123   Element.rebuild (package:flutter/src/widgets/framework.dart:5532:7)
#1124   ComponentElement._firstBuild (package:flutter/src/widgets/framework.dart:5802:5)
#1125   ComponentElement.mount (package:flutter/src/widgets/framework.dart:5796:5)
#1126   Element.inflateWidget (package:flutter/src/widgets/framework.dart:4590:20)
#1127   Element.updateChild (package:flutter/src/widgets/framework.dart:4059:18)
#1128   ComponentElement.performRebuild (package:flutter/src/widgets/framework.dart:5844:16)
#1129   Element.rebuild (package:flutter/src/widgets/framework.dart:5532:7)
#1130   ComponentElement._firstBuild (package:flutter/src/widgets/framework.dart:5802:5)
#1131   ComponentElement.mount (package:flutter/src/widgets/framework.dart:5796:5)
#1132   Element.inflateWidget (package:flutter/src/widgets/framework.dart:4590:20)
#1133   Element.updateChild (package:flutter/src/widgets/framework.dart:4059:18)
#1134   SingleChildRenderObjectElement.mount (package:flutter/src/widgets/framework.dart:7118:14)
#1135   Element.inflateWidget (package:flutter/src/widgets/framework.dart:4590:20)
#1136   Element.updateChild (package:flutter/src/widgets/framework.dart:4059:18)
#1137   ComponentElement.performRebuild (package:flutter/src/widgets/framework.dart:5844:16)
#1138   StatefulElement.performRebuild (package:flutter/src/widgets/framework.dart:5985:11)
#1139   Element.rebuild (package:flutter/src/widgets/framework.dart:5532:7)
#1140   ComponentElement._firstBuild (package:flutter/src/widgets/framework.dart:5802:5)
#1141   StatefulElement._firstBuild (package:flutter/src/widgets/framework.dart:5976:11)
#1142   ComponentElement.mount (package:flutter/src/widgets/framework.dart:5796:5)
#1143   Element.inflateWidget (package:flutter/src/widgets/framework.dart:4590:20)
#1144   Element.updateChild (package:flutter/src/widgets/framework.dart:4059:18)
#1145   ComponentElement.performRebuild (package:flutter/src/widgets/framework.dart:5844:16)
#1146   StatefulElement.performRebuild (package:flutter/src/widgets/framework.dart:5985:11)
#1147   Element.rebuild (package:flutter/src/widgets/framework.dart:5532:7)
#1148   ComponentElement._firstBuild (package:flutter/src/widgets/framework.dart:5802:5)
#1149   StatefulElement._firstBuild (package:flutter/src/widgets/framework.dart:5976:11)
#1150   ComponentElement.mount (package:flutter/src/widgets/framework.dart:5796:5)
#1151   Element.inflateWidget (package:flutter/src/widgets/framework.dart:4590:20)
#1152   Element.updateChild (package:flutter/src/widgets/framework.dart:4059:18)
#1153   SingleChildRenderObjectElement.mount (package:flutter/src/widgets/framework.dart:7118:14)
#1154   Element.inflateWidget (package:flutter/src/widgets/framework.dart:4590:20)
#1155   Element.updateChild (package:flutter/src/widgets/framework.dart:4059:18)
#1156   ComponentElement.performRebuild (package:flutter/src/widgets/framework.dart:5844:16)
#1157   Element.rebuild (package:flutter/src/widgets/framework.dart:5532:7)
#1158   ComponentElement._firstBuild (package:flutter/src/widgets/framework.dart:5802:5)
#1159   ComponentElement.mount (package:flutter/src/widgets/framework.dart:5796:5)
#1160   Element.inflateWidget (package:flutter/src/widgets/framework.dart:4590:20)
#1161   Element.updateChild (package:flutter/src/widgets/framework.dart:4059:18)
#1162   ComponentElement.performRebuild (package:flutter/src/widgets/framework.dart:5844:16)
#1163   StatefulElement.performRebuild (package:flutter/src/widgets/framework.dart:5985:11)
#1164   Element.rebuild (package:flutter/src/widgets/framework.dart:5532:7)
#1165   ComponentElement._firstBuild (package:flutter/src/widgets/framework.dart:5802:5)
#1166   StatefulElement._firstBuild (package:flutter/src/widgets/framework.dart:5976:11)
#1167   ComponentElement.mount (package:flutter/src/widgets/framework.dart:5796:5)
#1168   Element.inflateWidget (package:flutter/src/widgets/framework.dart:4590:20)
#1169   Element.updateChild (package:flutter/src/widgets/framework.dart:4059:18)
#1170   ComponentElement.performRebuild (package:flutter/src/widgets/framework.dart:5844:16)
#1171   StatefulElement.performRebuild (package:flutter/src/widgets/framework.dart:5985:11)
#1172   Element.rebuild (package:flutter/src/widgets/framework.dart:5532:7)
#1173   ComponentElement._firstBuild (package:flutter/src/widgets/framework.dart:5802:5)
#1174   StatefulElement._firstBuild (package:flutter/src/widgets/framework.dart:5976:11)
#1175   ComponentElement.mount (package:flutter/src/widgets/framework.dart:5796:5)
#1176   Element.inflateWidget (package:flutter/src/widgets/framework.dart:4590:20)
#1177   Element.updateChild (package:flutter/src/widgets/framework.dart:4059:18)
#1178   ComponentElement.performRebuild (package:flutter/src/widgets/framework.dart:5844:16)
#1179   Element.rebuild (package:flutter/src/widgets/framework.dart:5532:7)
#1180   ComponentElement._firstBuild (package:flutter/src/widgets/framework.dart:5802:5)
#1181   ComponentElement.mount (package:flutter/src/widgets/framework.dart:5796:5)
#1182   Element.inflateWidget (package:flutter/src/widgets/framework.dart:4590:20)
#1183   Element.updateChild (package:flutter/src/widgets/framework.dart:4059:18)
#1184   ComponentElement.performRebuild (package:flutter/src/widgets/framework.dart:5844:16)
#1185   StatefulElement.performRebuild (package:flutter/src/widgets/framework.dart:5985:11)
#1186   Element.rebuild (package:flutter/src/widgets/framework.dart:5532:7)
#1187   ComponentElement._firstBuild (package:flutter/src/widgets/framework.dart:5802:5)
#1188   StatefulElement._firstBuild (package:flutter/src/widgets/framework.dart:5976:11)
#1189   ComponentElement.mount (package:flutter/src/widgets/framework.dart:5796:5)
#1190   Element.inflateWidget (package:flutter/src/widgets/framework.dart:4590:20)
#1191   Element.updateChild (package:flutter/src/widgets/framework.dart:4059:18)
#1192   SingleChildRenderObjectElement.mount (package:flutter/src/widgets/framework.dart:7118:14)
#1193   Element.inflateWidget (package:flutter/src/widgets/framework.dart:4590:20)
#1194   Element.updateChild (package:flutter/src/widgets/framework.dart:4059:18)
#1195   ComponentElement.performRebuild (package:flutter/src/widgets/framework.dart:5844:16)
#1196   Element.rebuild (package:flutter/src/widgets/framework.dart:5532:7)
#1197   ComponentElement._firstBuild (package:flutter/src/widgets/framework.dart:5802:5)
#1198   ComponentElement.mount (package:flutter/src/widgets/framework.dart:5796:5)
#1199   Element.inflateWidget (package:flutter/src/widgets/framework.dart:4590:20)
#1200   Element.updateChild (package:flutter/src/widgets/framework.dart:4059:18)
#1201   ComponentElement.performRebuild (package:flutter/src/widgets/framework.dart:5844:16)
#1202   StatefulElement.performRebuild (package:flutter/src/widgets/framework.dart:5985:11)
#1203   Element.rebuild (package:flutter/src/widgets/framework.dart:5532:7)
#1204   ComponentElement._firstBuild (package:flutter/src/widgets/framework.dart:5802:5)
#1205   StatefulElement._firstBuild (package:flutter/src/widgets/framework.dart:5976:11)
#1206   ComponentElement.mount (package:flutter/src/widgets/framework.dart:5796:5)
#1207   Element.inflateWidget (package:flutter/src/widgets/framework.dart:4590:20)
#1208   Element.updateChild (package:flutter/src/widgets/framework.dart:4059:18)
#1209   ComponentElement.performRebuild (package:flutter/src/widgets/framework.dart:5844:16)
#1210   StatefulElement.performRebuild (package:flutter/src/widgets/framework.dart:5985:11)
#1211   Element.rebuild (package:flutter/src/widgets/framework.dart:5532:7)
#1212   ComponentElement._firstBuild (package:flutter/src/widgets/framework.dart:5802:5)
#1213   StatefulElement._firstBuild (package:flutter/src/widgets/framework.dart:5976:11)
#1214   ComponentElement.mount (package:flutter/src/widgets/framework.dart:5796:5)
#1215   Element.inflateWidget (package:flutter/src/widgets/framework.dart:4590:20)
#1216   Element.updateChild (package:flutter/src/widgets/framework.dart:4059:18)
#1217   ComponentElement.performRebuild (package:flutter/src/widgets/framework.dart:5844:16)
#1218   Element.rebuild (package:flutter/src/widgets/framework.dart:5532:7)
#1219   ComponentElement._firstBuild (package:flutter/src/widgets/framework.dart:5802:5)
#1220   ComponentElement.mount (package:flutter/src/widgets/framework.dart:5796:5)
#1221   Element.inflateWidget (package:flutter/src/widgets/framework.dart:4590:20)
#1222   Element.updateChild (package:flutter/src/widgets/framework.dart:4059:18)
#1223   ComponentElement.performRebuild (package:flutter/src/widgets/framework.dart:5844:16)
#1224   StatefulElement.performRebuild (package:flutter/src/widgets/framework.dart:5985:11)
#1225   Element.rebuild (package:flutter/src/widgets/framework.dart:5532:7)
#1226   ComponentElement._firstBuild (package:flutter/src/widgets/framework.dart:5802:5)
#1227   StatefulElement._firstBuild (package:flutter/src/widgets/framework.dart:5976:11)
#1228   ComponentElement.mount (package:flutter/src/widgets/framework.dart:5796:5)
#1229   Element.inflateWidget (package:flutter/src/widgets/framework.dart:4590:20)
#1230   Element.updateChild (package:flutter/src/widgets/framework.dart:4059:18)
#1231   SingleChildRenderObjectElement.mount (package:flutter/src/widgets/framework.dart:7118:14)
#1232   Element.inflateWidget (package:flutter/src/widgets/framework.dart:4590:20)
#1233   Element.updateChild (package:flutter/src/widgets/framework.dart:4059:18)
#1234   ComponentElement.performRebuild (package:flutter/src/widgets/framework.dart:5844:16)
#1235   Element.rebuild (package:flutter/src/widgets/framework.dart:5532:7)
#1236   ComponentElement._firstBuild (package:flutter/src/widgets/framework.dart:5802:5)
#1237   ComponentElement.mount (package:flutter/src/widgets/framework.dart:5796:5)
#1238   Element.inflateWidget (package:flutter/src/widgets/framework.dart:4590:20)
#1239   Element.updateChild (package:flutter/src/widgets/framework.dart:4059:18)
#1240   ComponentElement.performRebuild (package:flutter/src/widgets/framework.dart:5844:16)
#1241   StatefulElement.performRebuild (package:flutter/src/widgets/framework.dart:5985:11)
#1242   Element.rebuild (package:flutter/src/widgets/framework.dart:5532:7)
#1243   ComponentElement._firstBuild (package:flutter/src/widgets/framework.dart:5802:5)
#1244   StatefulElement._firstBuild (package:flutter/src/widgets/framework.dart:5976:11)
#1245   ComponentElement.mount (package:flutter/src/widgets/framework.dart:5796:5)
#1246   Element.inflateWidget (package:flutter/src/widgets/framework.dart:4590:20)
#1247   Element.updateChild (package:flutter/src/widgets/framework.dart:4059:18)
#1248   ComponentElement.performRebuild (package:flutter/src/widgets/framework.dart:5844:16)
#1249   StatefulElement.performRebuild (package:flutter/src/widgets/framework.dart:5985:11)
#1250   Element.rebuild (package:flutter/src/widgets/framework.dart:5532:7)
#1251   ComponentElement._firstBuild (package:flutter/src/widgets/framework.dart:5802:5)
#1252   StatefulElement._firstBuild (package:flutter/src/widgets/framework.dart:5976:11)
#1253   ComponentElement.mount (package:flutter/src/widgets/framework.dart:5796:5)
#1254   Element.inflateWidget (package:flutter/src/widgets/framework.dart:4590:20)
#1255   Element.updateChild (package:flutter/src/widgets/framework.dart:4059:18)
#1256   ComponentElement.performRebuild (package:flutter/src/widgets/framework.dart:5844:16)
#1257   Element.rebuild (package:flutter/src/widgets/framework.dart:5532:7)
#1258   ComponentElement._firstBuild (package:flutter/src/widgets/framework.dart:5802:5)
#1259   ComponentElement.mount (package:flutter/src/widgets/framework.dart:5796:5)
#1260   Element.inflateWidget (package:flutter/src/widgets/framework.dart:4590:20)
#1261   Element.updateChild (package:flutter/src/widgets/framework.dart:4059:18)
#1262   SingleChildRenderObjectElement.mount (package:flutter/src/widgets/framework.dart:7118:14)
#1263   Element.inflateWidget (package:flutter/src/widgets/framework.dart:4590:20)
#1264   Element.updateChild (package:flutter/src/widgets/framework.dart:4059:18)
#1265   ComponentElement.performRebuild (package:flutter/src/widgets/framework.dart:5844:16)
#1266   Element.rebuild (package:flutter/src/widgets/framework.dart:5532:7)
#1267   ComponentElement._firstBuild (package:flutter/src/widgets/framework.dart:5802:5)
#1268   ComponentElement.mount (package:flutter/src/widgets/framework.dart:5796:5)
#1269   Element.inflateWidget (package:flutter/src/widgets/framework.dart:4590:20)
#1270   Element.updateChild (package:flutter/src/widgets/framework.dart:4059:18)
#1271   ComponentElement.performRebuild (package:flutter/src/widgets/framework.dart:5844:16)
#1272   StatefulElement.performRebuild (package:flutter/src/widgets/framework.dart:5985:11)
#1273   Element.rebuild (package:flutter/src/widgets/framework.dart:5532:7)
#1274   ComponentElement._firstBuild (package:flutter/src/widgets/framework.dart:5802:5)
#1275   StatefulElement._firstBuild (package:flutter/src/widgets/framework.dart:5976:11)
#1276   ComponentElement.mount (package:flutter/src/widgets/framework.dart:5796:5)
#1277   Element.inflateWidget (package:flutter/src/widgets/framework.dart:4590:20)
#1278   Element.updateChild (package:flutter/src/widgets/framework.dart:4059:18)
#1279   ComponentElement.performRebuild (package:flutter/src/widgets/framework.dart:5844:16)
#1280   StatefulElement.performRebuild (package:flutter/src/widgets/framework.dart:5985:11)
#1281   Element.rebuild (package:flutter/src/widgets/framework.dart:5532:7)
#1282   ComponentElement._firstBuild (package:flutter/src/widgets/framework.dart:5802:5)
#1283   StatefulElement._firstBuild (package:flutter/src/widgets/framework.dart:5976:11)
#1284   ComponentElement.mount (package:flutter/src/widgets/framework.dart:5796:5)
#1285   Element.inflateWidget (package:flutter/src/widgets/framework.dart:4590:20)
#1286   Element.updateChild (package:flutter/src/widgets/framework.dart:4059:18)
#1287   ComponentElement.performRebuild (package:flutter/src/widgets/framework.dart:5844:16)
#1288   Element.rebuild (package:flutter/src/widgets/framework.dart:5532:7)
#1289   ComponentElement._firstBuild (package:flutter/src/widgets/framework.dart:5802:5)
#1290   ComponentElement.mount (package:flutter/src/widgets/framework.dart:5796:5)
#1291   Element.inflateWidget (package:flutter/src/widgets/framework.dart:4590:20)
#1292   Element.updateChild (package:flutter/src/widgets/framework.dart:4059:18)
#1293   ComponentElement.performRebuild (package:flutter/src/widgets/framework.dart:5844:16)
#1294   Element.rebuild (package:flutter/src/widgets/framework.dart:5532:7)
#1295   ComponentElement._firstBuild (package:flutter/src/widgets/framework.dart:5802:5)
#1296   ComponentElement.mount (package:flutter/src/widgets/framework.dart:5796:5)
#1297   Element.inflateWidget (package:flutter/src/widgets/framework.dart:4590:20)
#1298   Element.updateChild (package:flutter/src/widgets/framework.dart:4059:18)
#1299   ComponentElement.performRebuild (package:flutter/src/widgets/framework.dart:5844:16)
#1300   StatefulElement.performRebuild (package:flutter/src/widgets/framework.dart:5985:11)
#1301   Element.rebuild (package:flutter/src/widgets/framework.dart:5532:7)
#1302   ComponentElement._firstBuild (package:flutter/src/widgets/framework.dart:5802:5)
#1303   StatefulElement._firstBuild (package:flutter/src/widgets/framework.dart:5976:11)
#1304   ComponentElement.mount (package:flutter/src/widgets/framework.dart:5796:5)
#1305   Element.inflateWidget (package:flutter/src/widgets/framework.dart:4590:20)
#1306   Element.updateChild (package:flutter/src/widgets/framework.dart:4059:18)
#1307   ComponentElement.performRebuild (package:flutter/src/widgets/framework.dart:5844:16)
#1308   Element.rebuild (package:flutter/src/widgets/framework.dart:5532:7)
#1309   ComponentElement._firstBuild (package:flutter/src/widgets/framework.dart:5802:5)
#1310   ComponentElement.mount (package:flutter/src/widgets/framework.dart:5796:5)
#1311   Element.inflateWidget (package:flutter/src/widgets/framework.dart:4590:20)
#1312   Element.updateChild (package:flutter/src/widgets/framework.dart:4059:18)
#1313   ComponentElement.performRebuild (package:flutter/src/widgets/framework.dart:5844:16)
#1314   StatefulElement.performRebuild (package:flutter/src/widgets/framework.dart:5985:11)
#1315   Element.rebuild (package:flutter/src/widgets/framework.dart:5532:7)
#1316   ComponentElement._firstBuild (package:flutter/src/widgets/framework.dart:5802:5)
#1317   StatefulElement._firstBuild (package:flutter/src/widgets/framework.dart:5976:11)
#1318   ComponentElement.mount (package:flutter/src/widgets/framework.dart:5796:5)
#1319   Element.inflateWidget (package:flutter/src/widgets/framework.dart:4590:20)
#1320   Element.updateChild (package:flutter/src/widgets/framework.dart:4059:18)
#1321   ComponentElement.performRebuild (package:flutter/src/widgets/framework.dart:5844:16)
#1322   Element.rebuild (package:flutter/src/widgets/framework.dart:5532:7)
#1323   ComponentElement._firstBuild (package:flutter/src/widgets/framework.dart:5802:5)
#1324   ComponentElement.mount (package:flutter/src/widgets/framework.dart:5796:5)
#1325   Element.inflateWidget (package:flutter/src/widgets/framework.dart:4590:20)
#1326   Element.updateChild (package:flutter/src/widgets/framework.dart:4059:18)
#1327   ComponentElement.performRebuild (package:flutter/src/widgets/framework.dart:5844:16)
#1328   StatefulElement.performRebuild (package:flutter/src/widgets/framework.dart:5985:11)
#1329   Element.rebuild (package:flutter/src/widgets/framework.dart:5532:7)
#1330   ComponentElement._firstBuild (package:flutter/src/widgets/framework.dart:5802:5)
#1331   StatefulElement._firstBuild (package:flutter/src/widgets/framework.dart:5976:11)
#1332   ComponentElement.mount (package:flutter/src/widgets/framework.dart:5796:5)
#1333   Element.inflateWidget (package:flutter/src/widgets/framework.dart:4590:20)
#1334   Element.updateChild (package:flutter/src/widgets/framework.dart:4059:18)
#1335   ComponentElement.performRebuild (package:flutter/src/widgets/framework.dart:5844:16)
#1336   StatefulElement.performRebuild (package:flutter/src/widgets/framework.dart:5985:11)
#1337   Element.rebuild (package:flutter/src/widgets/framework.dart:5532:7)
#1338   ComponentElement._firstBuild (package:flutter/src/widgets/framework.dart:5802:5)
#1339   StatefulElement._firstBuild (package:flutter/src/widgets/framework.dart:5976:11)
#1340   ComponentElement.mount (package:flutter/src/widgets/framework.dart:5796:5)
#1341   Element.inflateWidget (package:flutter/src/widgets/framework.dart:4590:20)
#1342   Element.updateChild (package:flutter/src/widgets/framework.dart:4059:18)
#1343   SingleChildRenderObjectElement.mount (package:flutter/src/widgets/framework.dart:7118:14)
#1344   Element.inflateWidget (package:flutter/src/widgets/framework.dart:4590:20)
#1345   Element.updateChild (package:flutter/src/widgets/framework.dart:4059:18)
#1346   ComponentElement.performRebuild (package:flutter/src/widgets/framework.dart:5844:16)
#1347   Element.rebuild (package:flutter/src/widgets/framework.dart:5532:7)
#1348   ComponentElement._firstBuild (package:flutter/src/widgets/framework.dart:5802:5)
#1349   ComponentElement.mount (package:flutter/src/widgets/framework.dart:5796:5)
#1350   Element.inflateWidget (package:flutter/src/widgets/framework.dart:4590:20)
#1351   Element.updateChild (package:flutter/src/widgets/framework.dart:4059:18)
#1352   ComponentElement.performRebuild (package:flutter/src/widgets/framework.dart:5844:16)
#1353   StatefulElement.performRebuild (package:flutter/src/widgets/framework.dart:5985:11)
#1354   Element.rebuild (package:flutter/src/widgets/framework.dart:5532:7)
#1355   ComponentElement._firstBuild (package:flutter/src/widgets/framework.dart:5802:5)
#1356   StatefulElement._firstBuild (package:flutter/src/widgets/framework.dart:5976:11)
#1357   ComponentElement.mount (package:flutter/src/widgets/framework.dart:5796:5)
#1358   Element.inflateWidget (package:flutter/src/widgets/framework.dart:4590:20)
#1359   Element.updateChild (package:flutter/src/widgets/framework.dart:4059:18)
#1360   ComponentElement.performRebuild (package:flutter/src/widgets/framework.dart:5844:16)
#1361   Element.rebuild (package:flutter/src/widgets/framework.dart:5532:7)
#1362   ComponentElement._firstBuild (package:flutter/src/widgets/framework.dart:5802:5)
#1363   ComponentElement.mount (package:flutter/src/widgets/framework.dart:5796:5)
#1364   Element.inflateWidget (package:flutter/src/widgets/framework.dart:4590:20)
#1365   Element.updateChild (package:flutter/src/widgets/framework.dart:4059:18)
#1366   ComponentElement.performRebuild (package:flutter/src/widgets/framework.dart:5844:16)
#1367   Element.rebuild (package:flutter/src/widgets/framework.dart:5532:7)
#1368   ComponentElement._firstBuild (package:flutter/src/widgets/framework.dart:5802:5)
#1369   ComponentElement.mount (package:flutter/src/widgets/framework.dart:5796:5)
#1370   Element.inflateWidget (package:flutter/src/widgets/framework.dart:4590:20)
#1371   Element.updateChild (package:flutter/src/widgets/framework.dart:4059:18)
#1372   ComponentElement.performRebuild (package:flutter/src/widgets/framework.dart:5844:16)
#1373   StatefulElement.performRebuild (package:flutter/src/widgets/framework.dart:5985:11)
#1374   Element.rebuild (package:flutter/src/widgets/framework.dart:5532:7)
#1375   ComponentElement._firstBuild (package:flutter/src/widgets/framework.dart:5802:5)
#1376   StatefulElement._firstBuild (package:flutter/src/widgets/framework.dart:5976:11)
#1377   ComponentElement.mount (package:flutter/src/widgets/framework.dart:5796:5)
#1378   Element.inflateWidget (package:flutter/src/widgets/framework.dart:4590:20)
#1379   Element.updateChild (package:flutter/src/widgets/framework.dart:4059:18)
#1380   ComponentElement.performRebuild (package:flutter/src/widgets/framework.dart:5844:16)
#1381   Element.rebuild (package:flutter/src/widgets/framework.dart:5532:7)
#1382   ComponentElement._firstBuild (package:flutter/src/widgets/framework.dart:5802:5)
#1383   ComponentElement.mount (package:flutter/src/widgets/framework.dart:5796:5)
#1384   Element.inflateWidget (package:flutter/src/widgets/framework.dart:4590:20)
#1385   Element.updateChild (package:flutter/src/widgets/framework.dart:4059:18)
#1386   ComponentElement.performRebuild (package:flutter/src/widgets/framework.dart:5844:16)
#1387   Element.rebuild (package:flutter/src/widgets/framework.dart:5532:7)
#1388   ComponentElement._firstBuild (package:flutter/src/widgets/framework.dart:5802:5)
#1389   ComponentElement.mount (package:flutter/src/widgets/framework.dart:5796:5)
#1390   Element.inflateWidget (package:flutter/src/widgets/framework.dart:4590:20)
#1391   Element.updateChild (package:flutter/src/widgets/framework.dart:4059:18)
#1392   ComponentElement.performRebuild (package:flutter/src/widgets/framework.dart:5844:16)
#1393   StatefulElement.performRebuild (package:flutter/src/widgets/framework.dart:5985:11)
#1394   Element.rebuild (package:flutter/src/widgets/framework.dart:5532:7)
#1395   ComponentElement._firstBuild (package:flutter/src/widgets/framework.dart:5802:5)
#1396   StatefulElement._firstBuild (package:flutter/src/widgets/framework.dart:5976:11)
#1397   ComponentElement.mount (package:flutter/src/widgets/framework.dart:5796:5)
#1398   Element.inflateWidget (package:flutter/src/widgets/framework.dart:4590:20)
#1399   Element.updateChild (package:flutter/src/widgets/framework.dart:4059:18)
#1400   ComponentElement.performRebuild (package:flutter/src/widgets/framework.dart:5844:16)
#1401   StatefulElement.performRebuild (package:flutter/src/widgets/framework.dart:5985:11)
#1402   Element.rebuild (package:flutter/src/widgets/framework.dart:5532:7)
#1403   ComponentElement._firstBuild (package:flutter/src/widgets/framework.dart:5802:5)
#1404   StatefulElement._firstBuild (package:flutter/src/widgets/framework.dart:5976:11)
#1405   ComponentElement.mount (package:flutter/src/widgets/framework.dart:5796:5)
#1406   Element.inflateWidget (package:flutter/src/widgets/framework.dart:4590:20)
#1407   Element.updateChild (package:flutter/src/widgets/framework.dart:4053:20)
#1408   ComponentElement.performRebuild (package:flutter/src/widgets/framework.dart:5844:16)
#1409   Element.rebuild (package:flutter/src/widgets/framework.dart:5532:7)
#1410   ProxyElement.update (package:flutter/src/widgets/framework.dart:6152:5)
#1411   _InheritedNotifierElement.update
(package:flutter/src/widgets/inherited_notifier.dart:108:11)
#1412   Element.updateChild (package:flutter/src/widgets/framework.dart:4037:15)
#1413   ComponentElement.performRebuild (package:flutter/src/widgets/framework.dart:5844:16)
#1414   StatefulElement.performRebuild (package:flutter/src/widgets/framework.dart:5985:11)
#1415   Element.rebuild (package:flutter/src/widgets/framework.dart:5532:7)
#1416   StatefulElement.update (package:flutter/src/widgets/framework.dart:6010:5)
#1417   Element.updateChild (package:flutter/src/widgets/framework.dart:4037:15)
#1418   ComponentElement.performRebuild (package:flutter/src/widgets/framework.dart:5844:16)
#1419   Element.rebuild (package:flutter/src/widgets/framework.dart:5532:7)
#1420   ProxyElement.update (package:flutter/src/widgets/framework.dart:6152:5)
#1421   _InheritedNotifierElement.update
(package:flutter/src/widgets/inherited_notifier.dart:108:11)
#1422   Element.updateChild (package:flutter/src/widgets/framework.dart:4037:15)
#1423   ComponentElement.performRebuild (package:flutter/src/widgets/framework.dart:5844:16)
#1424   StatefulElement.performRebuild (package:flutter/src/widgets/framework.dart:5985:11)
#1425   Element.rebuild (package:flutter/src/widgets/framework.dart:5532:7)
#1426   StatefulElement.update (package:flutter/src/widgets/framework.dart:6010:5)
#1427   Element.updateChild (package:flutter/src/widgets/framework.dart:4037:15)
#1428   ComponentElement.performRebuild (package:flutter/src/widgets/framework.dart:5844:16)
#1429   StatefulElement.performRebuild (package:flutter/src/widgets/framework.dart:5985:11)
#1430   Element.rebuild (package:flutter/src/widgets/framework.dart:5532:7)
#1431   StatefulElement.update (package:flutter/src/widgets/framework.dart:6010:5)
#1432   Element.updateChild (package:flutter/src/widgets/framework.dart:4037:15)
#1433   ComponentElement.performRebuild (package:flutter/src/widgets/framework.dart:5844:16)
#1434   Element.rebuild (package:flutter/src/widgets/framework.dart:5532:7)
#1435   ProxyElement.update (package:flutter/src/widgets/framework.dart:6152:5)
#1436   Element.updateChild (package:flutter/src/widgets/framework.dart:4037:15)
#1437   ComponentElement.performRebuild (package:flutter/src/widgets/framework.dart:5844:16)
#1438   StatefulElement.performRebuild (package:flutter/src/widgets/framework.dart:5985:11)
#1439   Element.rebuild (package:flutter/src/widgets/framework.dart:5532:7)
#1440   StatefulElement.update (package:flutter/src/widgets/framework.dart:6010:5)
#1441   Element.updateChild (package:flutter/src/widgets/framework.dart:4037:15)
#1442   ComponentElement.performRebuild (package:flutter/src/widgets/framework.dart:5844:16)
#1443   Element.rebuild (package:flutter/src/widgets/framework.dart:5532:7)
#1444   ProxyElement.update (package:flutter/src/widgets/framework.dart:6152:5)
#1445   Element.updateChild (package:flutter/src/widgets/framework.dart:4037:15)
#1446   ComponentElement.performRebuild (package:flutter/src/widgets/framework.dart:5844:16)
#1447   Element.rebuild (package:flutter/src/widgets/framework.dart:5532:7)
#1448   ProxyElement.update (package:flutter/src/widgets/framework.dart:6152:5)
#1449   Element.updateChild (package:flutter/src/widgets/framework.dart:4037:15)
#1450   _RawViewElement._updateChild (package:flutter/src/widgets/view.dart:481:16)
#1451   _RawViewElement.update (package:flutter/src/widgets/view.dart:568:5)
#1452   Element.updateChild (package:flutter/src/widgets/framework.dart:4037:15)
#1453   ComponentElement.performRebuild (package:flutter/src/widgets/framework.dart:5844:16)
#1454   Element.rebuild (package:flutter/src/widgets/framework.dart:5532:7)
#1455   StatelessElement.update (package:flutter/src/widgets/framework.dart:5898:5)
#1456   Element.updateChild (package:flutter/src/widgets/framework.dart:4037:15)
#1457   ComponentElement.performRebuild (package:flutter/src/widgets/framework.dart:5844:16)
#1458   StatefulElement.performRebuild (package:flutter/src/widgets/framework.dart:5985:11)
#1459   Element.rebuild (package:flutter/src/widgets/framework.dart:5532:7)
#1460   StatefulElement.update (package:flutter/src/widgets/framework.dart:6010:5)
#1461   Element.updateChild (package:flutter/src/widgets/framework.dart:4037:15)
#1462   RootElement._rebuild (package:flutter/src/widgets/binding.dart:1782:16)
#1463   RootElement.update (package:flutter/src/widgets/binding.dart:1760:5)
#1464   RootElement.performRebuild (package:flutter/src/widgets/binding.dart:1774:7)
#1465   Element.rebuild (package:flutter/src/widgets/framework.dart:5532:7)
#1466   BuildScope._tryRebuild (package:flutter/src/widgets/framework.dart:2750:15)
#1467   BuildScope._flushDirtyElements (package:flutter/src/widgets/framework.dart:2807:11)
#1468   BuildOwner.buildScope (package:flutter/src/widgets/framework.dart:3111:18)
#1469   AutomatedTestWidgetsFlutterBinding.drawFrame (package:flutter_test/src/binding.dart:1506:19)
#1470   RendererBinding._handlePersistentFrameCallback
(package:flutter/src/rendering/binding.dart:495:5)
#1471   SchedulerBinding._invokeFrameCallback (package:flutter/src/scheduler/binding.dart:1434:15)
#1472   SchedulerBinding.handleDrawFrame (package:flutter/src/scheduler/binding.dart:1347:9)
#1473   AutomatedTestWidgetsFlutterBinding.pump.<anonymous closure>
(package:flutter_test/src/binding.dart:1335:9)
#1474   _rootRun (dart:async/zone.dart:1525:13)
#1475   _CustomZone.run (dart:async/zone.dart:1422:19)
#1476   TestAsyncUtils.guard (package:flutter_test/src/test_async_utils.dart:74:41)
#1477   AutomatedTestWidgetsFlutterBinding.pump (package:flutter_test/src/binding.dart:1324:27)
#1478   WidgetTester.pumpWidget.<anonymous closure>
(package:flutter_test/src/widget_tester.dart:598:22)
#1479   _rootRun (dart:async/zone.dart:1525:13)
#1480   _CustomZone.run (dart:async/zone.dart:1422:19)
#1481   TestAsyncUtils.guard (package:flutter_test/src/test_async_utils.dart:74:41)
#1482   WidgetTester.pumpWidget (package:flutter_test/src/widget_tester.dart:595:27)
#1483   main.<anonymous closure>
(file:///Users/vd/src/flutter/cd_shop/cd_shop/test/widget_smoke_test.dart:134:18)
#1484   testWidgets.<anonymous closure>.<anonymous closure>
(package:flutter_test/src/widget_tester.dart:192:29)
<asynchronous suspension>
#1485   TestWidgetsFlutterBinding._runTestBody (package:flutter_test/src/binding.dart:1059:5)
<asynchronous suspension>
#1486   StackZoneSpecification._registerCallback.<anonymous closure>
(package:stack_trace/src/stack_zone_specification.dart:114:42)
<asynchronous suspension>

The relevant error-causing widget was:
  ProductListPage
  ProductListPage:file:///Users/vd/src/flutter/cd_shop/cd_shop/lib/features/product/presentation/routes/product_routes.dart:23:46

When the exception was thrown, this was the stack:
#0      throwProviderException (package:riverpod/src/common/stack_trace.dart:10:3)
#1      $ResultError.valueOrProviderException (package:riverpod/src/common/result.dart:108:7)
#2      ConsumerStatefulElement.watch (package:flutter_riverpod/src/core/consumer.dart:483:14)
#3      ProductListPage.build (package:cd_shop/features/product/presentation/pages/product_list_page.dart:18:23)
#4      _ConsumerState.build (package:flutter_riverpod/src/core/consumer.dart:283:48)
#5      StatefulElement.build (package:flutter/src/widgets/framework.dart:5934:27)
#6      ConsumerStatefulElement.build (package:flutter_riverpod/src/core/consumer.dart:445:20)
#7      ComponentElement.performRebuild (package:flutter/src/widgets/framework.dart:5820:15)
#8      StatefulElement.performRebuild (package:flutter/src/widgets/framework.dart:5985:11)
#9      Element.rebuild (package:flutter/src/widgets/framework.dart:5532:7)
#10     ComponentElement._firstBuild (package:flutter/src/widgets/framework.dart:5802:5)
#11     StatefulElement._firstBuild (package:flutter/src/widgets/framework.dart:5976:11)
#12     ComponentElement.mount (package:flutter/src/widgets/framework.dart:5796:5)
...     Normal element mounting (266 frames)
#278    Element.inflateWidget (package:flutter/src/widgets/framework.dart:4590:20)
#279    MultiChildRenderObjectElement.inflateWidget (package:flutter/src/widgets/framework.dart:7269:36)
#280    MultiChildRenderObjectElement.mount (package:flutter/src/widgets/framework.dart:7285:32)
...     Normal element mounting (168 frames)
#448    Element.inflateWidget (package:flutter/src/widgets/framework.dart:4590:20)
#449    MultiChildRenderObjectElement.inflateWidget (package:flutter/src/widgets/framework.dart:7269:36)
#450    MultiChildRenderObjectElement.mount (package:flutter/src/widgets/framework.dart:7285:32)
...     Normal element mounting (45 frames)
#495    Element.inflateWidget (package:flutter/src/widgets/framework.dart:4590:20)
#496    MultiChildRenderObjectElement.inflateWidget (package:flutter/src/widgets/framework.dart:7269:36)
#497    MultiChildRenderObjectElement.mount (package:flutter/src/widgets/framework.dart:7285:32)
...     Normal element mounting (384 frames)
#881    Element.inflateWidget (package:flutter/src/widgets/framework.dart:4590:20)
#882    MultiChildRenderObjectElement.inflateWidget (package:flutter/src/widgets/framework.dart:7269:36)
#883    MultiChildRenderObjectElement.mount (package:flutter/src/widgets/framework.dart:7285:32)
...     Normal element mounting (511 frames)
#1394   Element.inflateWidget (package:flutter/src/widgets/framework.dart:4590:20)
#1395   Element.updateChild (package:flutter/src/widgets/framework.dart:4053:20)
#1396   ComponentElement.performRebuild (package:flutter/src/widgets/framework.dart:5844:16)
#1397   Element.rebuild (package:flutter/src/widgets/framework.dart:5532:7)
#1398   ProxyElement.update (package:flutter/src/widgets/framework.dart:6152:5)
#1399   _InheritedNotifierElement.update (package:flutter/src/widgets/inherited_notifier.dart:108:11)
#1400   Element.updateChild (package:flutter/src/widgets/framework.dart:4037:15)
#1401   ComponentElement.performRebuild (package:flutter/src/widgets/framework.dart:5844:16)
#1402   StatefulElement.performRebuild (package:flutter/src/widgets/framework.dart:5985:11)
#1403   Element.rebuild (package:flutter/src/widgets/framework.dart:5532:7)
#1404   StatefulElement.update (package:flutter/src/widgets/framework.dart:6010:5)
#1405   Element.updateChild (package:flutter/src/widgets/framework.dart:4037:15)
#1406   ComponentElement.performRebuild (package:flutter/src/widgets/framework.dart:5844:16)
#1407   Element.rebuild (package:flutter/src/widgets/framework.dart:5532:7)
#1408   ProxyElement.update (package:flutter/src/widgets/framework.dart:6152:5)
#1409   _InheritedNotifierElement.update (package:flutter/src/widgets/inherited_notifier.dart:108:11)
#1410   Element.updateChild (package:flutter/src/widgets/framework.dart:4037:15)
#1411   ComponentElement.performRebuild (package:flutter/src/widgets/framework.dart:5844:16)
#1412   StatefulElement.performRebuild (package:flutter/src/widgets/framework.dart:5985:11)
#1413   Element.rebuild (package:flutter/src/widgets/framework.dart:5532:7)
#1414   StatefulElement.update (package:flutter/src/widgets/framework.dart:6010:5)
#1415   Element.updateChild (package:flutter/src/widgets/framework.dart:4037:15)
#1416   ComponentElement.performRebuild (package:flutter/src/widgets/framework.dart:5844:16)
#1417   StatefulElement.performRebuild (package:flutter/src/widgets/framework.dart:5985:11)
#1418   Element.rebuild (package:flutter/src/widgets/framework.dart:5532:7)
#1419   StatefulElement.update (package:flutter/src/widgets/framework.dart:6010:5)
#1420   Element.updateChild (package:flutter/src/widgets/framework.dart:4037:15)
#1421   ComponentElement.performRebuild (package:flutter/src/widgets/framework.dart:5844:16)
#1422   Element.rebuild (package:flutter/src/widgets/framework.dart:5532:7)
#1423   ProxyElement.update (package:flutter/src/widgets/framework.dart:6152:5)
#1424   Element.updateChild (package:flutter/src/widgets/framework.dart:4037:15)
#1425   ComponentElement.performRebuild (package:flutter/src/widgets/framework.dart:5844:16)
#1426   StatefulElement.performRebuild (package:flutter/src/widgets/framework.dart:5985:11)
#1427   Element.rebuild (package:flutter/src/widgets/framework.dart:5532:7)
#1428   StatefulElement.update (package:flutter/src/widgets/framework.dart:6010:5)
#1429   Element.updateChild (package:flutter/src/widgets/framework.dart:4037:15)
#1430   ComponentElement.performRebuild (package:flutter/src/widgets/framework.dart:5844:16)
#1431   Element.rebuild (package:flutter/src/widgets/framework.dart:5532:7)
#1432   ProxyElement.update (package:flutter/src/widgets/framework.dart:6152:5)
#1433   Element.updateChild (package:flutter/src/widgets/framework.dart:4037:15)
#1434   ComponentElement.performRebuild (package:flutter/src/widgets/framework.dart:5844:16)
#1435   Element.rebuild (package:flutter/src/widgets/framework.dart:5532:7)
#1436   ProxyElement.update (package:flutter/src/widgets/framework.dart:6152:5)
#1437   Element.updateChild (package:flutter/src/widgets/framework.dart:4037:15)
#1438   _RawViewElement._updateChild (package:flutter/src/widgets/view.dart:481:16)
#1439   _RawViewElement.update (package:flutter/src/widgets/view.dart:568:5)
#1440   Element.updateChild (package:flutter/src/widgets/framework.dart:4037:15)
#1441   ComponentElement.performRebuild (package:flutter/src/widgets/framework.dart:5844:16)
#1442   Element.rebuild (package:flutter/src/widgets/framework.dart:5532:7)
#1443   StatelessElement.update (package:flutter/src/widgets/framework.dart:5898:5)
#1444   Element.updateChild (package:flutter/src/widgets/framework.dart:4037:15)
#1445   ComponentElement.performRebuild (package:flutter/src/widgets/framework.dart:5844:16)
#1446   StatefulElement.performRebuild (package:flutter/src/widgets/framework.dart:5985:11)
#1447   Element.rebuild (package:flutter/src/widgets/framework.dart:5532:7)
#1448   StatefulElement.update (package:flutter/src/widgets/framework.dart:6010:5)
#1449   Element.updateChild (package:flutter/src/widgets/framework.dart:4037:15)
#1450   RootElement._rebuild (package:flutter/src/widgets/binding.dart:1782:16)
#1451   RootElement.update (package:flutter/src/widgets/binding.dart:1760:5)
#1452   RootElement.performRebuild (package:flutter/src/widgets/binding.dart:1774:7)
#1453   Element.rebuild (package:flutter/src/widgets/framework.dart:5532:7)
#1454   BuildScope._tryRebuild (package:flutter/src/widgets/framework.dart:2750:15)
#1455   BuildScope._flushDirtyElements (package:flutter/src/widgets/framework.dart:2807:11)
#1456   BuildOwner.buildScope (package:flutter/src/widgets/framework.dart:3111:18)
#1457   AutomatedTestWidgetsFlutterBinding.drawFrame (package:flutter_test/src/binding.dart:1506:19)
#1458   RendererBinding._handlePersistentFrameCallback (package:flutter/src/rendering/binding.dart:495:5)
#1459   SchedulerBinding._invokeFrameCallback (package:flutter/src/scheduler/binding.dart:1434:15)
#1460   SchedulerBinding.handleDrawFrame (package:flutter/src/scheduler/binding.dart:1347:9)
#1461   AutomatedTestWidgetsFlutterBinding.pump.<anonymous closure> (package:flutter_test/src/binding.dart:1335:9)
#1464   TestAsyncUtils.guard (package:flutter_test/src/test_async_utils.dart:74:41)
#1465   AutomatedTestWidgetsFlutterBinding.pump (package:flutter_test/src/binding.dart:1324:27)
#1466   WidgetTester.pumpWidget.<anonymous closure> (package:flutter_test/src/widget_tester.dart:598:22)
#1469   TestAsyncUtils.guard (package:flutter_test/src/test_async_utils.dart:74:41)
#1470   WidgetTester.pumpWidget (package:flutter_test/src/widget_tester.dart:595:27)
#1471   main.<anonymous closure> (file:///Users/vd/src/flutter/cd_shop/cd_shop/test/widget_smoke_test.dart:134:18)
#1472   testWidgets.<anonymous closure>.<anonymous closure> (package:flutter_test/src/widget_tester.dart:192:29)
<asynchronous suspension>
#1473   TestWidgetsFlutterBinding._runTestBody (package:flutter_test/src/binding.dart:1059:5)
<asynchronous suspension>
<asynchronous suspension>
(elided 5 frames from dart:async and package:stack_trace)

════════════════════════════════════════════════════════════════════════════════════════════════════
00:01 +0 -1: App builds without errors [E]                                                                                                                                                             
  Test failed. See exception logs above.
  The test description was: App builds without errors
  

To run this test again: /Users/vd/flutter/bin/cache/dart-sdk/bin/dart test /Users/vd/src/flutter/cd_shop/cd_shop/test/widget_smoke_test.dart -p vm --plain-name 'App builds without errors'
00:01 +0 -1: Some tests failed.                                                                                                                                                                        
